// Vitest Snapshot v1, https://vitest.dev/guide/snapshot.html

exports[`LaTeX.js CLI Output Snapshots > Error output snapshots > macro error snapshot > macro-error-output.txt 1`] = `"SyntaxError: unknown macro: \\invalidcommand"`;

exports[`LaTeX.js CLI Output Snapshots > Error output snapshots > syntax error snapshot > syntax-error-output.txt 1`] = `"SyntaxError: groups need to be balanced!"`;

exports[`LaTeX.js CLI Output Snapshots > complex document compilation snapshot > complex-document-compilation.html 1`] = `"<!DOCTYPE html> <html style="--size: 13.284px; --textwidth: 56.162%; --marginleftwidth: 21.919%; --marginrightwidth: 21.919%; --marginparwidth: 48.892%; --marginparsep: 14.612px; --marginparpush: 6.642px;"><head><title>untitled</title><meta charset="UTF-8"></meta><link type="text/css" rel="stylesheet" href="css/article.css"></head><body><div class="body" data-source-line="1" data-source-column="1"><h2 data-source-line="5" data-source-column="2" id="sec-1">1 In­tro­duc­tion</h2><p data-source-line="5" data-source-column="23">This is a <span class="bf" data-source-line="6" data-source-column="12">com­pre­hen­sive</span> test doc­u­ment with <span class="it" data-source-line="6" data-source-column="54">var­i­ous</span> for­mat­ting.</p><h3 data-source-line="8" data-source-column="2" id="sec-2">1.1 Lists</h3><ul class="list" data-source-line="16" data-source-column="17"><li data-source-line="16" data-source-column="17"><span class="itemlabel" data-source-line="16" data-source-column="17"><span class="hbox llap" data-source-line="16" data-source-column="17">•</span></span><p data-source-line="10" data-source-column="7">First item with <math xmlns="http://www.w3.org/1998/Math/MathML"><semantics><mrow><mi>m</mi><mi>a</mi><mi>t</mi><mi>h</mi><mo>=</mo><msup><mi>x</mi><mn>2</mn></msup></mrow><annotation encoding="application/x-tex">math = x^2</annotation></semantics></math></p></li><li data-source-line="16" data-source-column="17"><span class="itemlabel" data-source-line="16" data-source-column="17"><span class="hbox llap" data-source-line="16" data-source-column="17">•</span></span><p data-source-line="11" data-source-column="7">Sec­ond item</p><ol class="list" data-source-line="14" data-source-column="26"><li data-source-line="14" data-source-column="26"><span class="itemlabel" data-source-line="14" data-source-column="26"><span class="hbox llap" data-source-line="14" data-source-column="26"><span data-source-line="14" data-source-column="26" id="item-3">1.</span></span></span><p data-source-line="13" data-source-column="7">Nested num­bered item</p></li><li data-source-line="14" data-source-column="26"><span class="itemlabel" data-source-line="14" data-source-column="26"><span class="hbox llap" data-source-line="14" data-source-column="26"><span data-source-line="14" data-source-column="26" id="item-4">2.</span></span></span><p data-source-line="14" data-source-column="7">An­other nested item</p></li></ol></li><li data-source-line="16" data-source-column="17"><span class="itemlabel" data-source-line="16" data-source-column="17"><span class="hbox llap" data-source-line="16" data-source-column="17">•</span></span><p data-source-line="16" data-source-column="7">Fi­nal item</p></li></ul><h3 class="continue" data-source-line="19" data-source-column="2" id="sec-5">1.2 Math­e­mat­i­cal Con­tent</h3><p data-source-line="19" data-source-column="34">The qua­dratic for­mula is: <math xmlns="http://www.w3.org/1998/Math/MathML" display="block"><semantics><mrow><mi>x</mi><mo>=</mo><mfrac><mrow><mo>−</mo><mi>b</mi><mo>±</mo><msqrt><mrow><msup><mi>b</mi><mn>2</mn></msup><mo>−</mo><mn>4</mn><mi>a</mi><mi>c</mi></mrow></msqrt></mrow><mrow><mn>2</mn><mi>a</mi></mrow></mfrac></mrow><annotation encoding="application/x-tex">x = \\frac{-b \\pm \\sqrt{b^2 - 4ac}}{2a}</annotation></semantics></math></p><h2 data-source-line="23" data-source-column="2" id="sec-6">2 Con­clu­sion</h2><p data-source-line="23" data-source-column="21">This demon­strates <span data-source-line="24" data-source-column="20" class="latex">L<span class="a" data-source-line="24" data-source-column="20">a</span>T<span class="e" data-source-line="24" data-source-column="20">e</span>X</span>​ com­pi­la­tion to HTML.</p></div></body></html>"`;

exports[`LaTeX.js CLI Output Snapshots > help output snapshot > cli-help-output.txt 1`] = `
"USAGE:
  webtex <OPTIONS>

OPTIONS:
  -o, --output <output>                  specify output file, otherwise STDOUT will be used
  -a, --assets <assets>                  copy CSS to the directory of the output file, unless dir is given (default: no assets are copied)
  -u, --url <url>                        set the base URL to use for the assets (default: use relative URLs)
  -b, --body                             don't include HTML boilerplate and CSS, only output the contents of body
  -e, --entities                         encode HTML entities in the output instead of using UTF-8 characters
  -p, --pretty                           beautify the html (this may add/remove spaces unintentionally)
  -c, --class [class]                    set a default documentclass for documents without a preamble (default: article)
  -m, --macros <macros>                  load a JavaScript file with additional custom macros
  -s, --stylesheet <stylesheet>          specify additional style sheets to use (comma-separated for multiple)
  -n, --hyphenation                      insert soft hyphens (enables automatic hyphenation in the browser) (default: true)
  -l, --language [language]              set hyphenation language (default: en)
  -h, --help                             Display this help message
  -v, --version                          Display this version

"
`;

exports[`LaTeX.js CLI Output Snapshots > math LaTeX compilation snapshot > math-latex-compilation.html 1`] = `"<!DOCTYPE html> <html style="--size: 13.284px; --textwidth: 56.162%; --marginleftwidth: 21.919%; --marginrightwidth: 21.919%; --marginparwidth: 48.892%; --marginparsep: 14.612px; --marginparpush: 6.642px;"><head><title>untitled</title><meta charset="UTF-8"></meta><link type="text/css" rel="stylesheet" href="css/article.css"></head><body><div class="body" data-source-line="1" data-source-column="1"><h2 data-source-line="3" data-source-column="2" id="sec-1">1 Math Ex­am­ples</h2><p data-source-line="3" data-source-column="24">In­line math: <math xmlns="http://www.w3.org/1998/Math/MathML"><semantics><mrow><mi>E</mi><mo>=</mo><mi>m</mi><msup><mi>c</mi><mn>2</mn></msup></mrow><annotation encoding="application/x-tex">E = mc^2</annotation></semantics></math></p><p data-source-line="7" data-source-column="1">Dis­play math: <math xmlns="http://www.w3.org/1998/Math/MathML" display="block"><semantics><mrow><msubsup><mo>∫</mo><mrow><mo>−</mo><mi mathvariant="normal">∞</mi></mrow><mi mathvariant="normal">∞</mi></msubsup><msup><mi>e</mi><mrow><mo>−</mo><msup><mi>x</mi><mn>2</mn></msup></mrow></msup><mi>d</mi><mi>x</mi><mo>=</mo><msqrt><mi>π</mi></msqrt></mrow><annotation encoding="application/x-tex">\\int_{-\\infty}^{\\infty} e^{-x^2} dx = \\sqrt{\\pi}</annotation></semantics></math></p><p data-source-line="10" data-source-column="1">More math: <math xmlns="http://www.w3.org/1998/Math/MathML"><semantics><mrow><msubsup><mo>∑</mo><mrow><mi>n</mi><mo>=</mo><mn>1</mn></mrow><mn>10</mn></msubsup><mi>n</mi><mo>=</mo><mn>55</mn></mrow><annotation encoding="application/x-tex">\\sum_{n=1}^{10} n = 55</annotation></semantics></math> and <math xmlns="http://www.w3.org/1998/Math/MathML"><semantics><mrow><mfrac><mi>a</mi><mi>b</mi></mfrac><mo>=</mo><mi>c</mi></mrow><annotation encoding="application/x-tex">\\frac{a}{b} = c</annotation></semantics></math>.</p></div></body></html>"`;

exports[`LaTeX.js CLI Output Snapshots > simple LaTeX compilation snapshot > simple-latex-compilation.html 1`] = `"<!DOCTYPE html> <html style="--size: 13.284px; --textwidth: 56.162%; --marginleftwidth: 21.919%; --marginrightwidth: 21.919%; --marginparwidth: 48.892%; --marginparsep: 14.612px; --marginparpush: 6.642px;"><head><title>untitled</title><meta charset="UTF-8"></meta><link type="text/css" rel="stylesheet" href="css/article.css"></head><body><div class="body" data-source-line="1" data-source-column="1"><p data-source-line="1" data-source-column="1">Hello <span data-source-line="1" data-source-column="8" class="latex">L<span class="a" data-source-line="1" data-source-column="8">a</span>T<span class="e" data-source-line="1" data-source-column="8">e</span>X</span>​ world!</p></div></body></html>"`;

exports[`LaTeX.js CLI Output Snapshots > version output snapshot > cli-version-output.txt 1`] = `
"0.11.0
"
`;
