// Vitest Snapshot v1, https://vitest.dev/guide/snapshot.html

exports[`LaTeX.js boxes > ** parbox - alignment with a given height > boxes_tex-___parbox___alignment_with_a_given_height.html 1`] = `"<div class="body"><p class="noindent">Some text <span class="parbox pbh p-c p-cc frame" style="width:75.591px;height:113.386px;"><span>parbox default alignment, parbox test text</span></span> some text <span class="parbox pbh p-t p-ct frame" style="width:75.591px;height:113.386px;"><span>parbox top alignment, text parbox test text</span></span> some text <span class="parbox pbh p-b p-cb frame" style="width:75.591px;height:113.386px;"><span>parbox bottom alignment, text parbox test text</span></span> some text.</p></div>"`;

exports[`LaTeX.js boxes > ** parbox - all explicit pos and inner-pos combinations > boxes_tex-___parbox___all_explicit_pos_and_inner_pos_combinations.html 1`] = `"<div class="body"><p class="noindent">The following examples demonstrate all explicit <span class="it">pos</span>/<span class="it">inner‐pos</span> combinations:</p><ul class="list"><li><span class="itemlabel"><span class="hbox llap">•</span></span><p>center alignment:</p><p class="noindent">Some text <span class="parbox pbh p-c p-ct frame" style="width:75.591px;height:113.386px;"><span>parbox default alignment, parbox test text</span></span> some text <span class="parbox pbh p-c p-cc frame" style="width:75.591px;height:113.386px;"><span>parbox top alignment, text parbox test text</span></span> some text <span class="parbox pbh p-c p-cb frame" style="width:75.591px;height:113.386px;"><span>parbox bottom alignment, text parbox test text</span></span> some text.</p></li><li><span class="itemlabel"><span class="hbox llap">•</span></span><p>top alignment:</p><p class="noindent">Some text <span class="parbox pbh p-t p-ct frame" style="width:75.591px;height:113.386px;"><span>parbox default alignment, parbox test text</span></span> some text <span class="parbox pbh p-t p-cc frame" style="width:75.591px;height:113.386px;"><span>parbox top alignment, text parbox test text</span></span> some text <span class="parbox pbh p-t p-cb frame" style="width:75.591px;height:113.386px;"><span>parbox bottom alignment, text parbox test text</span></span> some text.</p></li><li><span class="itemlabel"><span class="hbox llap">•</span></span><p>bottom alignment:</p><p class="noindent">Some text <span class="parbox pbh p-b p-ct frame" style="width:75.591px;height:113.386px;"><span>parbox default alignment, parbox test text</span></span> some text <span class="parbox pbh p-b p-cc frame" style="width:75.591px;height:113.386px;"><span>parbox top alignment, text parbox test text</span></span> some text <span class="parbox pbh p-b p-cb frame" style="width:75.591px;height:113.386px;"><span>parbox bottom alignment, text parbox test text</span></span> some text.</p></li></ul></div>"`;

exports[`LaTeX.js boxes > ** parbox - simple alignment > boxes_tex-___parbox___simple_alignment.html 1`] = `"<div class="body"><p class="noindent">Some text <span class="parbox p-c p-cc frame" style="width:75.591px;"><span>parbox default alignment, parbox test text</span></span> some text <span class="parbox p-t p-ct frame" style="width:75.591px;"><span>parbox top alignment, text parbox test text</span></span> some text <span class="parbox p-b p-cb frame" style="width:75.591px;"><span>parbox bottom alignment, text parbox test text</span></span> some text.</p></div>"`;

exports[`LaTeX.js boxes > ** parbox - top and bottom alignment in the same line > boxes_tex-___parbox___top_and_bottom_alignment_in_the_same_line.html 1`] = `"<div class="body"><p class="noindent">Some text <span class="parbox pbh p-b p-ct frame" style="width:75.591px;height:113.386px;"><span>parbox default alignment, parbox test text</span></span> some text <span class="parbox pbh p-t p-cc frame" style="width:75.591px;height:113.386px;"><span>parbox top alignment, text parbox test text</span></span> some text.</p></div>"`;
