// Vitest Snapshot v1, https://vitest.dev/guide/snapshot.html

exports[`LaTeX.js counters > ** clear inner counters > counters_tex-___clear_inner_counters.html 1`] = `"<div class="body"><p>5 6 1 3</p><p>6 6 1 3</p><p>0 0 2 0</p><p>0 1 2 0</p></div>"`;

exports[`LaTeX.js counters > ** counters > counters_tex-___counters.html 1`] = `"<div class="body"><p>1: i</p><p>-8</p><p>8: VIII</p><p>8</p><p>0 ‡‡</p></div>"`;
