// Vitest Snapshot v1, https://vitest.dev/guide/snapshot.html

exports[`LaTeX.js fonts parsing (hybrid: assertions + snapshots) > ** \\bfseries declaration > fonts_tex-____bfseries_declaration__hybrid_.html 1`] = `"<div class="body"><p>Hello <span class="bf">is emphasized.</span></p></div>"`;

exports[`LaTeX.js fonts parsing (hybrid: assertions + snapshots) > ** \\em and \\emph{} > fonts_tex-____em_and__emph____hybrid_.html 1`] = `"<div class="body"><p><span class="it">You can also </span><span class="it"><span class="up">emphasize</span></span><span class="it"> text.</span></p></div>"`;

exports[`LaTeX.js fonts parsing (hybrid: assertions + snapshots) > ** \\emph{} command and nesting > fonts_tex-____emph___command_and_nesting__hybrid_.html 1`] = `"<div class="body"><p>Hello, <span class="it">this</span> is emphasized.</p><p><span class="it">emph <span class="up">normal</span></span>, <span class="up">normal <span class="it">emph</span></span></p><p><span class="it">emph <span class="up">normal</span></span></p><p>test test <span class="it">test </span><span class="up">test</span></p><p><span class="it">You can also <span class="up">emphasize</span> text if it is set in italics</span></p></div>"`;

exports[`LaTeX.js fonts parsing (hybrid: assertions + snapshots) > ** em lengths are relative to current font sizes > fonts_tex-___em_lengths_are_relative_to_current_font_sizes__hybrid_.html 1`] = `"<div class="body"><p><span class="small">a line of text</span><span class="small"><span class="breakspace" style="margin-bottom:1em"></span></span><span class="small">a line of text</span><span class="small"><span class="breakspace" style="margin-bottom:1em"></span></span><span class="Huge">a line of text</span><span class="Huge"><span class="breakspace" style="margin-bottom:1em"></span></span><span class="Huge">a line of text</span></p><p><span class="small">a line of text</span><span class="small"><span class="breakspace" style="margin-bottom:1em"></span></span><span class="small">a line of text</span></p><p><span class="Huge">a line of text</span><span class="Huge"><span class="breakspace" style="margin-bottom:1em"></span></span><span class="Huge">a line of text</span></p></div>"`;

exports[`LaTeX.js fonts parsing (hybrid: assertions + snapshots) > ** fonts reach across paragraphs if no group ends > fonts_tex-___fonts_reach_across_paragraphs_if_no_group_ends__hybrid_.html 1`] = `"<div class="body"><p>hello, <span class="it">what</span></p><p><span class="it">are we going to do here?</span></p><p><span class="sl">Wrap all the paragraphs.</span></p></div>"`;

exports[`LaTeX.js fonts parsing (hybrid: assertions + snapshots) > ** fonts stay until the surrounding group ends      TODO: same spans should be merged > fonts_tex-___fonts_stay_until_the_surrounding_group_ends______TODO__same_spans_should_be_merged__hybrid_.html 1`] = `"<div class="body"><p>outer ​ text <span class="bf">what</span><span class="bf">​ </span><span class="bf">more text </span>​ end outer</p></div>"`;

exports[`LaTeX.js fonts parsing (hybrid: assertions + snapshots) > ** lineheight and relative widths according to font size > fonts_tex-___lineheight_and_relative_widths_according_to_font_size__hybrid_.html 1`] = `"<div class="body"><p>This is yet another paragraph. With a lot of meaningless text and meaningless text meaningless text meaningless text.</p><p><span class="tiny">This is yet another paragraph. With a lot of meaningless</span><span class="tiny"><span class="breakspace" style="margin-bottom:1em"></span></span><span class="tiny">text and meaningless text meaningless text meaningless text.</span></p><p><span class="tiny">This is yet another </span><span class="Large">paragraph. With a lot of meaningless text and meaningless text meaningless text meaningless text.</span></p><p><span class="Large">This is yet another paragraph. With a</span><span class="Large"><span class="breakspace" style="margin-bottom:1em"></span></span><span class="Large">lot of meaningless text and meaningless text meaningless text meaningless text.</span></p></div>"`;

exports[`LaTeX.js fonts parsing (hybrid: assertions + snapshots) > ** monospaced fonts do not use ligatures > fonts_tex-___monospaced_fonts_do_not_use_ligatures__hybrid_.html 1`] = `"<div class="body"><p><span class="tt">first test of -- and ---</span></p></div>"`;
