// Vitest Snapshot v1, https://vitest.dev/guide/snapshot.html

exports[`LaTeX.js layout-marginpar > ** layout definition > layout-marginpar_tex-___layout_definition.html 1`] = `"<div class="body"><p><span class="mpbaseline" id="marginref-1"></span> This is just some simple text. This is just some simple text. This is just some simple text. This is just some simple text. This is just some simple text. This is just some simple text.</p></div><div class="margin-right"><div class="marginpar"><div id="1"><span class="mpbaseline"></span>And here is a piece on the right.</div></div></div>"`;

exports[`LaTeX.js layout-marginpar > ** marginpars > layout-marginpar_tex-___marginpars.html 1`] = `"<div class="body"><p>This is just some simple text. This is just some simple text. This is just some simple text. This is just some simple text. This is just some simple text. This is just some simple text.</p><p>This is just some simple text. ‐MPAR‐<span class="mpbaseline" id="marginref-1"></span> This is just some simple text. This is just some simple text. This is just some simple text.</p><span class="vspace bigskip"></span><p>This is just some simple text. ‐MPAR‐<span class="mpbaseline" id="marginref-2"></span> This is just some simple text. This is just some simple text. This is just some simple text. This is just some simple text.</p><span class="vspace bigskip"></span><p>This is just some simple text.</p></div><div class="margin-right"><div class="marginpar"><div id="1"><span class="mpbaseline"></span><span class="Large">text in margin</span></div><div id="2"><span class="mpbaseline"></span><span class="tiny">text in margin</span></div></div></div>"`;

exports[`LaTeX.js layout-marginpar > ** wrong layout definition with overflowing margins > layout-marginpar_tex-___wrong_layout_definition_with_overflowing_margins.html 1`] = `"<div class="body"><p><span class="mpbaseline" id="marginref-1"></span> This is just some simple text. This is just some simple text. This is just some simple text. This is just some simple text. This is just some simple text. This is just some simple text.</p></div><div class="margin-right"><div class="marginpar"><div id="1"><span class="mpbaseline"></span>And here is a piece on the right.</div></div></div>"`;
