// Vitest Snapshot v1, https://vitest.dev/guide/snapshot.html

exports[`LaTeX.js mathematical expressions > ** simple inline math > math_tex-___simple_inline_math.html 1`] = `"<div class="body"><p>A basic parabola is <span class="katex"><span class="katex-mathml"><math xmlns="http://www.w3.org/1998/Math/MathML"><semantics><mrow><mi>y</mi><mo>=</mo><msup><mi>x</mi><mn>2</mn></msup></mrow><annotation encoding="application/x-tex">y = x^2</annotation></semantics></math></span><span class="katex-html" aria-hidden="true"><span class="base"><span class="strut" style="height: 0.625em; vertical-align: -0.1944em;"></span><span style="margin-right: 0.0359em;" class="mord mathnormal">y</span><span class="mspace" style="margin-right: 0.2778em;"></span><span class="mrel">=</span><span class="mspace" style="margin-right: 0.2778em;"></span></span><span class="base"><span class="strut" style="height: 0.8141em;"></span><span class="mord"><span class="mord mathnormal">x</span><span class="msupsub"><span class="vlist-t"><span class="vlist-r"><span class="vlist" style="height: 0.8141em;"><span class="" style="top: -3.063em; margin-right: 0.05em;"><span class="pstrut" style="height: 2.7em;"></span><span class="sizing reset-size6 size3 mtight"><span class="mord mtight">2</span></span></span></span></span></span></span></span></span></span></span>. More text afterwards.</p></div>"`;
