// Vitest Snapshot v1, https://vitest.dev/guide/snapshot.html

exports[`LaTeX.js math parsing with snapshots > Additional math snapshot tests > complex fractions > complex_fractions.html 1`] = `"<div class="body"><p><span class="katex"><span class="katex-mathml"><math xmlns="http://www.w3.org/1998/Math/MathML"><semantics><mrow><mfrac><mfrac><mi>a</mi><mi>b</mi></mfrac><mfrac><mi>c</mi><mi>d</mi></mfrac></mfrac><mo>=</mo><mfrac><mrow><mi>a</mi><mo>⋅</mo><mi>d</mi></mrow><mrow><mi>b</mi><mo>⋅</mo><mi>c</mi></mrow></mfrac></mrow><annotation encoding="application/x-tex">\\frac{\\frac{a}{b}}{\\frac{c}{d}} = \\frac{a \\cdot d}{b \\cdot c}</annotation></semantics></math></span><span class="katex-html" aria-hidden="true"><span class="base"><span class="strut" style="height: 1.6207em; vertical-align: -0.5858em;"></span><span class="mord"><span class="mopen nulldelimiter"></span><span class="mfrac"><span class="vlist-t vlist-t2"><span class="vlist-r"><span class="vlist" style="height: 1.0349em;"><span class="" style="top: -2.655em;"><span class="pstrut" style="height: 3em;"></span><span class="sizing reset-size6 size3 mtight"><span class="mord mtight"><span class="mord mtight"><span class="mopen nulldelimiter sizing reset-size3 size6"></span><span class="mfrac"><span class="vlist-t vlist-t2"><span class="vlist-r"><span class="vlist" style="height: 0.6915em;"><span class="" style="top: -2.656em;"><span class="pstrut" style="height: 3em;"></span><span class="sizing reset-size3 size1 mtight"><span class="mord mtight"><span class="mord mathnormal mtight">d</span></span></span></span><span class="" style="top: -3.2255em;"><span class="pstrut" style="height: 3em;"></span><span class="frac-line mtight" style="border-bottom-width: 0.049em;"></span></span><span class="" style="top: -3.384em;"><span class="pstrut" style="height: 3em;"></span><span class="sizing reset-size3 size1 mtight"><span class="mord mtight"><span class="mord mathnormal mtight">c</span></span></span></span></span><span class="vlist-s">​</span></span><span class="vlist-r"><span class="vlist" style="height: 0.344em;"><span class=""></span></span></span></span></span><span class="mclose nulldelimiter sizing reset-size3 size6"></span></span></span></span></span><span class="" style="top: -3.23em;"><span class="pstrut" style="height: 3em;"></span><span class="frac-line" style="border-bottom-width: 0.04em;"></span></span><span class="" style="top: -3.5508em;"><span class="pstrut" style="height: 3em;"></span><span class="sizing reset-size6 size3 mtight"><span class="mord mtight"><span class="mord mtight"><span class="mopen nulldelimiter sizing reset-size3 size6"></span><span class="mfrac"><span class="vlist-t vlist-t2"><span class="vlist-r"><span class="vlist" style="height: 0.6915em;"><span class="" style="top: -2.656em;"><span class="pstrut" style="height: 3em;"></span><span class="sizing reset-size3 size1 mtight"><span class="mord mtight"><span class="mord mathnormal mtight">b</span></span></span></span><span class="" style="top: -3.2255em;"><span class="pstrut" style="height: 3em;"></span><span class="frac-line mtight" style="border-bottom-width: 0.049em;"></span></span><span class="" style="top: -3.384em;"><span class="pstrut" style="height: 3em;"></span><span class="sizing reset-size3 size1 mtight"><span class="mord mtight"><span class="mord mathnormal mtight">a</span></span></span></span></span><span class="vlist-s">​</span></span><span class="vlist-r"><span class="vlist" style="height: 0.344em;"><span class=""></span></span></span></span></span><span class="mclose nulldelimiter sizing reset-size3 size6"></span></span></span></span></span></span><span class="vlist-s">​</span></span><span class="vlist-r"><span class="vlist" style="height: 0.5858em;"><span class=""></span></span></span></span></span><span class="mclose nulldelimiter"></span></span><span class="mspace" style="margin-right: 0.2778em;"></span><span class="mrel">=</span><span class="mspace" style="margin-right: 0.2778em;"></span></span><span class="base"><span class="strut" style="height: 1.2251em; vertical-align: -0.345em;"></span><span class="mord"><span class="mopen nulldelimiter"></span><span class="mfrac"><span class="vlist-t vlist-t2"><span class="vlist-r"><span class="vlist" style="height: 0.8801em;"><span class="" style="top: -2.655em;"><span class="pstrut" style="height: 3em;"></span><span class="sizing reset-size6 size3 mtight"><span class="mord mtight"><span class="mord mathnormal mtight">b</span><span class="mbin mtight">⋅</span><span class="mord mathnormal mtight">c</span></span></span></span><span class="" style="top: -3.23em;"><span class="pstrut" style="height: 3em;"></span><span class="frac-line" style="border-bottom-width: 0.04em;"></span></span><span class="" style="top: -3.394em;"><span class="pstrut" style="height: 3em;"></span><span class="sizing reset-size6 size3 mtight"><span class="mord mtight"><span class="mord mathnormal mtight">a</span><span class="mbin mtight">⋅</span><span class="mord mathnormal mtight">d</span></span></span></span></span><span class="vlist-s">​</span></span><span class="vlist-r"><span class="vlist" style="height: 0.345em;"><span class=""></span></span></span></span></span><span class="mclose nulldelimiter"></span></span></span></span></span></p></div>"`;

exports[`LaTeX.js math parsing with snapshots > Additional math snapshot tests > greek letters and operators > greek_letters_and_operators.html 1`] = `"<div class="body"><p><span class="katex"><span class="katex-mathml"><math xmlns="http://www.w3.org/1998/Math/MathML"><semantics><mrow><mi>α</mi><mi>β</mi><mi>γ</mi><mi mathvariant="normal">Δ</mi><mi mathvariant="normal">∇</mi><mi mathvariant="normal">∂</mi><mi mathvariant="normal">∞</mi><mo>±</mo><mo>×</mo><mo>÷</mo></mrow><annotation encoding="application/x-tex">\\alpha \\beta \\gamma \\Delta \\nabla \\partial \\infty \\pm \\times \\div</annotation></semantics></math></span><span class="katex-html" aria-hidden="true"><span class="base"><span class="strut" style="height: 0.8889em; vertical-align: -0.1944em;"></span><span style="margin-right: 0.0037em;" class="mord mathnormal">α</span><span style="margin-right: 0.0528em;" class="mord mathnormal">β</span><span style="margin-right: 0.0556em;" class="mord mathnormal">γ</span><span class="mord">Δ∇</span><span style="margin-right: 0.0556em;" class="mord">∂</span><span class="mord">∞</span><span class="mspace" style="margin-right: 0.2222em;"></span><span class="mbin">±</span><span class="mspace" style="margin-right: 0.2222em;"></span></span><span class="base"><span class="strut" style="height: 0.6667em; vertical-align: -0.0833em;"></span><span class="mord">×</span><span class="mord">÷</span></span></span></span></p></div>"`;

exports[`LaTeX.js math parsing with snapshots > Additional math snapshot tests > integrals with bounds > integrals_with_bounds.html 1`] = `"<div class="body"><p><span class="katex"><span class="katex-mathml"><math xmlns="http://www.w3.org/1998/Math/MathML"><semantics><mrow><msubsup><mo>∫</mo><mn>0</mn><mn>1</mn></msubsup><msubsup><mo>∫</mo><mn>0</mn><mn>1</mn></msubsup><msup><mi>x</mi><mn>2</mn></msup><mo>+</mo><msup><mi>y</mi><mn>2</mn></msup> <mi>d</mi><mi>x</mi> <mi>d</mi><mi>y</mi></mrow><annotation encoding="application/x-tex">\\int_0^1 \\int_0^1 x^2 + y^2 \\, dx \\, dy</annotation></semantics></math></span><span class="katex-html" aria-hidden="true"><span class="base"><span class="strut" style="height: 1.3648em; vertical-align: -0.3558em;"></span><span class="mop"><span style="margin-right: 0.1945em; position: relative; top: -0.0006em;" class="mop op-symbol small-op">∫</span><span class="msupsub"><span class="vlist-t vlist-t2"><span class="vlist-r"><span class="vlist" style="height: 1.009em;"><span class="" style="top: -2.3442em; margin-left: -0.1945em; margin-right: 0.05em;"><span class="pstrut" style="height: 2.7em;"></span><span class="sizing reset-size6 size3 mtight"><span class="mord mtight">0</span></span></span><span class="" style="top: -3.2579em; margin-right: 0.05em;"><span class="pstrut" style="height: 2.7em;"></span><span class="sizing reset-size6 size3 mtight"><span class="mord mtight">1</span></span></span></span><span class="vlist-s">​</span></span><span class="vlist-r"><span class="vlist" style="height: 0.3558em;"><span class=""></span></span></span></span></span></span><span class="mspace" style="margin-right: 0.1667em;"></span><span class="mop"><span style="margin-right: 0.1945em; position: relative; top: -0.0006em;" class="mop op-symbol small-op">∫</span><span class="msupsub"><span class="vlist-t vlist-t2"><span class="vlist-r"><span class="vlist" style="height: 1.009em;"><span class="" style="top: -2.3442em; margin-left: -0.1945em; margin-right: 0.05em;"><span class="pstrut" style="height: 2.7em;"></span><span class="sizing reset-size6 size3 mtight"><span class="mord mtight">0</span></span></span><span class="" style="top: -3.2579em; margin-right: 0.05em;"><span class="pstrut" style="height: 2.7em;"></span><span class="sizing reset-size6 size3 mtight"><span class="mord mtight">1</span></span></span></span><span class="vlist-s">​</span></span><span class="vlist-r"><span class="vlist" style="height: 0.3558em;"><span class=""></span></span></span></span></span></span><span class="mspace" style="margin-right: 0.1667em;"></span><span class="mord"><span class="mord mathnormal">x</span><span class="msupsub"><span class="vlist-t"><span class="vlist-r"><span class="vlist" style="height: 0.8141em;"><span class="" style="top: -3.063em; margin-right: 0.05em;"><span class="pstrut" style="height: 2.7em;"></span><span class="sizing reset-size6 size3 mtight"><span class="mord mtight">2</span></span></span></span></span></span></span></span><span class="mspace" style="margin-right: 0.2222em;"></span><span class="mbin">+</span><span class="mspace" style="margin-right: 0.2222em;"></span></span><span class="base"><span class="strut" style="height: 1.0085em; vertical-align: -0.1944em;"></span><span class="mord"><span style="margin-right: 0.0359em;" class="mord mathnormal">y</span><span class="msupsub"><span class="vlist-t"><span class="vlist-r"><span class="vlist" style="height: 0.8141em;"><span class="" style="top: -3.063em; margin-right: 0.05em;"><span class="pstrut" style="height: 2.7em;"></span><span class="sizing reset-size6 size3 mtight"><span class="mord mtight">2</span></span></span></span></span></span></span></span><span class="mspace" style="margin-right: 0.1667em;"></span><span class="mord mathnormal">d</span><span class="mord mathnormal">x</span><span class="mspace" style="margin-right: 0.1667em;"></span><span class="mord mathnormal">d</span><span style="margin-right: 0.0359em;" class="mord mathnormal">y</span></span></span></span></p></div>"`;

exports[`LaTeX.js math parsing with snapshots > Additional math snapshot tests > matrix notation > matrix_notation.html 1`] = `"<div class="body"><p><span class="katex"><span class="katex-mathml"><math xmlns="http://www.w3.org/1998/Math/MathML"><semantics><mrow><mo fence="true">(</mo><mtable rowspacing="0.16em" columnalign="center center" columnspacing="1em"><mtr><mtd><mstyle scriptlevel="0" displaystyle="false"><mi>a</mi></mstyle></mtd><mtd><mstyle scriptlevel="0" displaystyle="false"><mi>b</mi></mstyle></mtd></mtr><mtr><mtd><mstyle scriptlevel="0" displaystyle="false"><mi>c</mi></mstyle></mtd><mtd><mstyle scriptlevel="0" displaystyle="false"><mi>d</mi></mstyle></mtd></mtr></mtable><mo fence="true">)</mo></mrow><annotation encoding="application/x-tex">\\begin{pmatrix} a & b \\\\ c & d \\end{pmatrix}</annotation></semantics></math></span><span class="katex-html" aria-hidden="true"><span class="base"><span class="strut" style="height: 2.4em; vertical-align: -0.95em;"></span><span class="minner"><span class="mopen delimcenter" style="top: 0em;"><span class="delimsizing size3">(</span></span><span class="mord"><span class="mtable"><span class="col-align-c"><span class="vlist-t vlist-t2"><span class="vlist-r"><span class="vlist" style="height: 1.45em;"><span class="" style="top: -3.61em;"><span class="pstrut" style="height: 3em;"></span><span class="mord"><span class="mord mathnormal">a</span></span></span><span class="" style="top: -2.41em;"><span class="pstrut" style="height: 3em;"></span><span class="mord"><span class="mord mathnormal">c</span></span></span></span><span class="vlist-s">​</span></span><span class="vlist-r"><span class="vlist" style="height: 0.95em;"><span class=""></span></span></span></span></span><span class="arraycolsep" style="width: 0.5em;"></span><span class="arraycolsep" style="width: 0.5em;"></span><span class="col-align-c"><span class="vlist-t vlist-t2"><span class="vlist-r"><span class="vlist" style="height: 1.45em;"><span class="" style="top: -3.61em;"><span class="pstrut" style="height: 3em;"></span><span class="mord"><span class="mord mathnormal">b</span></span></span><span class="" style="top: -2.41em;"><span class="pstrut" style="height: 3em;"></span><span class="mord"><span class="mord mathnormal">d</span></span></span></span><span class="vlist-s">​</span></span><span class="vlist-r"><span class="vlist" style="height: 0.95em;"><span class=""></span></span></span></span></span></span></span><span class="mclose delimcenter" style="top: 0em;"><span class="delimsizing size3">)</span></span></span></span></span></span></p></div>"`;

exports[`LaTeX.js math parsing with snapshots > Additional math snapshot tests > roots and powers > roots_and_powers.html 1`] = `"<div class="body"><p><span class="katex"><span class="katex-mathml"><math xmlns="http://www.w3.org/1998/Math/MathML"><semantics><mrow><msqrt><mrow><msup><mi>x</mi><mn>2</mn></msup><mo>+</mo><msup><mi>y</mi><mn>2</mn></msup></mrow></msqrt><mo>=</mo><mroot><mrow><msup><mi>x</mi><mn>3</mn></msup><mo>+</mo><msup><mi>y</mi><mn>3</mn></msup><mo>+</mo><msup><mi>z</mi><mn>3</mn></msup></mrow><mn>3</mn></mroot></mrow><annotation encoding="application/x-tex">\\sqrt{x^2 + y^2} = \\sqrt[3]{x^3 + y^3 + z^3}</annotation></semantics></math></span><span class="katex-html" aria-hidden="true"><span class="base"><span class="strut" style="height: 1.24em; vertical-align: -0.2822em;"></span><span class="mord sqrt"><span class="vlist-t vlist-t2"><span class="vlist-r"><span class="vlist" style="height: 0.9578em;"><span class="svg-align" style="top: -3.2em;"><span class="pstrut" style="height: 3.2em;"></span><span class="mord" style="padding-left: 1em;"><span class="mord"><span class="mord mathnormal">x</span><span class="msupsub"><span class="vlist-t"><span class="vlist-r"><span class="vlist" style="height: 0.7401em;"><span class="" style="top: -2.989em; margin-right: 0.05em;"><span class="pstrut" style="height: 2.7em;"></span><span class="sizing reset-size6 size3 mtight"><span class="mord mtight">2</span></span></span></span></span></span></span></span><span class="mspace" style="margin-right: 0.2222em;"></span><span class="mbin">+</span><span class="mspace" style="margin-right: 0.2222em;"></span><span class="mord"><span style="margin-right: 0.0359em;" class="mord mathnormal">y</span><span class="msupsub"><span class="vlist-t"><span class="vlist-r"><span class="vlist" style="height: 0.7401em;"><span class="" style="top: -2.989em; margin-right: 0.05em;"><span class="pstrut" style="height: 2.7em;"></span><span class="sizing reset-size6 size3 mtight"><span class="mord mtight">2</span></span></span></span></span></span></span></span></span></span><span class="" style="top: -2.9178em;"><span class="pstrut" style="height: 3.2em;"></span><span class="hide-tail" style="min-width: 1.02em; height: 1.28em;"><svg width="400em" height="1.28em" viewBox="0 0 400000 1296" preserveAspectRatio="xMinYMin slice"><path d="M263,681c0.7,0,18,39.7,52,119c34,79.3,68.167,158.7,102.5,238c34.3,79.3,51.8,119.3,52.5,120c340,-704.7,510.7,-1060.3,512,-1067l0 -0c4.7,-7.3,11,-11,19,-11H40000v40H1012.3s-271.3,567,-271.3,567c-38.7,80.7,-84,175,-136,283c-52,108,-89.167,185.3,-111.5,232c-22.3,46.7,-33.8,70.3,-34.5,71c-4.7,4.7,-12.3,7,-23,7s-12,-1,-12,-1s-109,-253,-109,-253c-72.7,-168,-109.3,-252,-110,-252c-10.7,8,-22,16.7,-34,26c-22,17.3,-33.3,26,-34,26s-26,-26,-26,-26s76,-59,76,-59s76,-60,76,-60zM1001 80h400000v40h-400000z"></path></svg></span></span></span><span class="vlist-s">​</span></span><span class="vlist-r"><span class="vlist" style="height: 0.2822em;"><span class=""></span></span></span></span></span><span class="mspace" style="margin-right: 0.2778em;"></span><span class="mrel">=</span><span class="mspace" style="margin-right: 0.2778em;"></span></span><span class="base"><span class="strut" style="height: 1.24em; vertical-align: -0.2822em;"></span><span class="mord sqrt"><span class="root"><span class="vlist-t"><span class="vlist-r"><span class="vlist" style="height: 0.7276em;"><span class="" style="top: -2.9054em;"><span class="pstrut" style="height: 2.5em;"></span><span class="sizing reset-size6 size1 mtight"><span class="mord mtight"><span class="mord mtight">3</span></span></span></span></span></span></span></span><span class="vlist-t vlist-t2"><span class="vlist-r"><span class="vlist" style="height: 0.9578em;"><span class="svg-align" style="top: -3.2em;"><span class="pstrut" style="height: 3.2em;"></span><span class="mord" style="padding-left: 1em;"><span class="mord"><span class="mord mathnormal">x</span><span class="msupsub"><span class="vlist-t"><span class="vlist-r"><span class="vlist" style="height: 0.7401em;"><span class="" style="top: -2.989em; margin-right: 0.05em;"><span class="pstrut" style="height: 2.7em;"></span><span class="sizing reset-size6 size3 mtight"><span class="mord mtight">3</span></span></span></span></span></span></span></span><span class="mspace" style="margin-right: 0.2222em;"></span><span class="mbin">+</span><span class="mspace" style="margin-right: 0.2222em;"></span><span class="mord"><span style="margin-right: 0.0359em;" class="mord mathnormal">y</span><span class="msupsub"><span class="vlist-t"><span class="vlist-r"><span class="vlist" style="height: 0.7401em;"><span class="" style="top: -2.989em; margin-right: 0.05em;"><span class="pstrut" style="height: 2.7em;"></span><span class="sizing reset-size6 size3 mtight"><span class="mord mtight">3</span></span></span></span></span></span></span></span><span class="mspace" style="margin-right: 0.2222em;"></span><span class="mbin">+</span><span class="mspace" style="margin-right: 0.2222em;"></span><span class="mord"><span style="margin-right: 0.044em;" class="mord mathnormal">z</span><span class="msupsub"><span class="vlist-t"><span class="vlist-r"><span class="vlist" style="height: 0.7401em;"><span class="" style="top: -2.989em; margin-right: 0.05em;"><span class="pstrut" style="height: 2.7em;"></span><span class="sizing reset-size6 size3 mtight"><span class="mord mtight">3</span></span></span></span></span></span></span></span></span></span><span class="" style="top: -2.9178em;"><span class="pstrut" style="height: 3.2em;"></span><span class="hide-tail" style="min-width: 1.02em; height: 1.28em;"><svg width="400em" height="1.28em" viewBox="0 0 400000 1296" preserveAspectRatio="xMinYMin slice"><path d="M263,681c0.7,0,18,39.7,52,119c34,79.3,68.167,158.7,102.5,238c34.3,79.3,51.8,119.3,52.5,120c340,-704.7,510.7,-1060.3,512,-1067l0 -0c4.7,-7.3,11,-11,19,-11H40000v40H1012.3s-271.3,567,-271.3,567c-38.7,80.7,-84,175,-136,283c-52,108,-89.167,185.3,-111.5,232c-22.3,46.7,-33.8,70.3,-34.5,71c-4.7,4.7,-12.3,7,-23,7s-12,-1,-12,-1s-109,-253,-109,-253c-72.7,-168,-109.3,-252,-110,-252c-10.7,8,-22,16.7,-34,26c-22,17.3,-33.3,26,-34,26s-26,-26,-26,-26s76,-59,76,-59s76,-60,76,-60zM1001 80h400000v40h-400000z"></path></svg></span></span></span><span class="vlist-s">​</span></span><span class="vlist-r"><span class="vlist" style="height: 0.2822em;"><span class=""></span></span></span></span></span></span></span></span></p></div>"`;

exports[`LaTeX.js math parsing with snapshots > Additional math snapshot tests > subscripts and superscripts > subscripts_and_superscripts.html 1`] = `"<div class="body"><p><span class="katex"><span class="katex-mathml"><math xmlns="http://www.w3.org/1998/Math/MathML"><semantics><mrow><msubsup><mi>x</mi><mn>1</mn><mn>2</mn></msubsup><mo>+</mo><msubsup><mi>x</mi><mn>2</mn><mn>2</mn></msubsup><mo>+</mo><mo>⋯</mo><mo>+</mo><msubsup><mi>x</mi><mi>n</mi><mn>2</mn></msubsup><mo>=</mo><mi mathvariant="normal">∣</mi><mi mathvariant="normal">∣</mi><mi mathvariant="bold">x</mi><mi mathvariant="normal">∣</mi><msup><mi mathvariant="normal">∣</mi><mn>2</mn></msup></mrow><annotation encoding="application/x-tex">x_1^2 + x_2^2 + \\cdots + x_n^2 = ||\\mathbf{x}||^2</annotation></semantics></math></span><span class="katex-html" aria-hidden="true"><span class="base"><span class="strut" style="height: 1.0622em; vertical-align: -0.2481em;"></span><span class="mord"><span class="mord mathnormal">x</span><span class="msupsub"><span class="vlist-t vlist-t2"><span class="vlist-r"><span class="vlist" style="height: 0.8141em;"><span class="" style="top: -2.4519em; margin-left: 0em; margin-right: 0.05em;"><span class="pstrut" style="height: 2.7em;"></span><span class="sizing reset-size6 size3 mtight"><span class="mord mtight">1</span></span></span><span class="" style="top: -3.063em; margin-right: 0.05em;"><span class="pstrut" style="height: 2.7em;"></span><span class="sizing reset-size6 size3 mtight"><span class="mord mtight">2</span></span></span></span><span class="vlist-s">​</span></span><span class="vlist-r"><span class="vlist" style="height: 0.2481em;"><span class=""></span></span></span></span></span></span><span class="mspace" style="margin-right: 0.2222em;"></span><span class="mbin">+</span><span class="mspace" style="margin-right: 0.2222em;"></span></span><span class="base"><span class="strut" style="height: 1.0622em; vertical-align: -0.2481em;"></span><span class="mord"><span class="mord mathnormal">x</span><span class="msupsub"><span class="vlist-t vlist-t2"><span class="vlist-r"><span class="vlist" style="height: 0.8141em;"><span class="" style="top: -2.4519em; margin-left: 0em; margin-right: 0.05em;"><span class="pstrut" style="height: 2.7em;"></span><span class="sizing reset-size6 size3 mtight"><span class="mord mtight">2</span></span></span><span class="" style="top: -3.063em; margin-right: 0.05em;"><span class="pstrut" style="height: 2.7em;"></span><span class="sizing reset-size6 size3 mtight"><span class="mord mtight">2</span></span></span></span><span class="vlist-s">​</span></span><span class="vlist-r"><span class="vlist" style="height: 0.2481em;"><span class=""></span></span></span></span></span></span><span class="mspace" style="margin-right: 0.2222em;"></span><span class="mbin">+</span><span class="mspace" style="margin-right: 0.2222em;"></span></span><span class="base"><span class="strut" style="height: 0.6667em; vertical-align: -0.0833em;"></span><span class="minner">⋯</span><span class="mspace" style="margin-right: 0.2222em;"></span><span class="mbin">+</span><span class="mspace" style="margin-right: 0.2222em;"></span></span><span class="base"><span class="strut" style="height: 1.0611em; vertical-align: -0.247em;"></span><span class="mord"><span class="mord mathnormal">x</span><span class="msupsub"><span class="vlist-t vlist-t2"><span class="vlist-r"><span class="vlist" style="height: 0.8141em;"><span class="" style="top: -2.453em; margin-left: 0em; margin-right: 0.05em;"><span class="pstrut" style="height: 2.7em;"></span><span class="sizing reset-size6 size3 mtight"><span class="mord mathnormal mtight">n</span></span></span><span class="" style="top: -3.063em; margin-right: 0.05em;"><span class="pstrut" style="height: 2.7em;"></span><span class="sizing reset-size6 size3 mtight"><span class="mord mtight">2</span></span></span></span><span class="vlist-s">​</span></span><span class="vlist-r"><span class="vlist" style="height: 0.247em;"><span class=""></span></span></span></span></span></span><span class="mspace" style="margin-right: 0.2778em;"></span><span class="mrel">=</span><span class="mspace" style="margin-right: 0.2778em;"></span></span><span class="base"><span class="strut" style="height: 1.0641em; vertical-align: -0.25em;"></span><span class="mord">∣∣</span><span class="mord mathbf">x</span><span class="mord">∣</span><span class="mord"><span class="mord">∣</span><span class="msupsub"><span class="vlist-t"><span class="vlist-r"><span class="vlist" style="height: 0.8141em;"><span class="" style="top: -3.063em; margin-right: 0.05em;"><span class="pstrut" style="height: 2.7em;"></span><span class="sizing reset-size6 size3 mtight"><span class="mord mtight">2</span></span></span></span></span></span></span></span></span></span></span></p></div>"`;

exports[`LaTeX.js math parsing with snapshots > Additional math snapshot tests > summation and limits > summation_and_limits.html 1`] = `"<div class="body"><p><span class="katex"><span class="katex-mathml"><math xmlns="http://www.w3.org/1998/Math/MathML"><semantics><mrow><msubsup><mo>∑</mo><mrow><mi>k</mi><mo>=</mo><mn>0</mn></mrow><mi>n</mi></msubsup><mrow><mo fence="true">(</mo><mfrac linethickness="0px"><mi>n</mi><mi>k</mi></mfrac><mo fence="true">)</mo></mrow><msup><mi>x</mi><mi>k</mi></msup><mo>=</mo><mo stretchy="false">(</mo><mn>1</mn><mo>+</mo><mi>x</mi><msup><mo stretchy="false">)</mo><mi>n</mi></msup></mrow><annotation encoding="application/x-tex">\\sum_{k=0}^{n} \\binom{n}{k} x^k = (1+x)^n</annotation></semantics></math></span><span class="katex-html" aria-hidden="true"><span class="base"><span class="strut" style="height: 1.2em; vertical-align: -0.35em;"></span><span class="mop"><span class="mop op-symbol small-op" style="position: relative; top: 0em;">∑</span><span class="msupsub"><span class="vlist-t vlist-t2"><span class="vlist-r"><span class="vlist" style="height: 0.8043em;"><span class="" style="top: -2.4003em; margin-left: 0em; margin-right: 0.05em;"><span class="pstrut" style="height: 2.7em;"></span><span class="sizing reset-size6 size3 mtight"><span class="mord mtight"><span style="margin-right: 0.0315em;" class="mord mathnormal mtight">k</span><span class="mrel mtight">=</span><span class="mord mtight">0</span></span></span></span><span class="" style="top: -3.2029em; margin-right: 0.05em;"><span class="pstrut" style="height: 2.7em;"></span><span class="sizing reset-size6 size3 mtight"><span class="mord mtight"><span class="mord mathnormal mtight">n</span></span></span></span></span><span class="vlist-s">​</span></span><span class="vlist-r"><span class="vlist" style="height: 0.2997em;"><span class=""></span></span></span></span></span></span><span class="mspace" style="margin-right: 0.1667em;"></span><span class="mord"><span class="mopen delimcenter" style="top: 0em;"><span class="delimsizing size1">(</span></span><span class="mfrac"><span class="vlist-t vlist-t2"><span class="vlist-r"><span class="vlist" style="height: 0.7454em;"><span class="" style="top: -2.355em;"><span class="pstrut" style="height: 2.7em;"></span><span class="sizing reset-size6 size3 mtight"><span class="mord mtight"><span style="margin-right: 0.0315em;" class="mord mathnormal mtight">k</span></span></span></span><span class="" style="top: -3.144em;"><span class="pstrut" style="height: 2.7em;"></span><span class="sizing reset-size6 size3 mtight"><span class="mord mtight"><span class="mord mathnormal mtight">n</span></span></span></span></span><span class="vlist-s">​</span></span><span class="vlist-r"><span class="vlist" style="height: 0.345em;"><span class=""></span></span></span></span></span><span class="mclose delimcenter" style="top: 0em;"><span class="delimsizing size1">)</span></span></span><span class="mord"><span class="mord mathnormal">x</span><span class="msupsub"><span class="vlist-t"><span class="vlist-r"><span class="vlist" style="height: 0.8491em;"><span class="" style="top: -3.063em; margin-right: 0.05em;"><span class="pstrut" style="height: 2.7em;"></span><span class="sizing reset-size6 size3 mtight"><span style="margin-right: 0.0315em;" class="mord mathnormal mtight">k</span></span></span></span></span></span></span></span><span class="mspace" style="margin-right: 0.2778em;"></span><span class="mrel">=</span><span class="mspace" style="margin-right: 0.2778em;"></span></span><span class="base"><span class="strut" style="height: 1em; vertical-align: -0.25em;"></span><span class="mopen">(</span><span class="mord">1</span><span class="mspace" style="margin-right: 0.2222em;"></span><span class="mbin">+</span><span class="mspace" style="margin-right: 0.2222em;"></span></span><span class="base"><span class="strut" style="height: 1em; vertical-align: -0.25em;"></span><span class="mord mathnormal">x</span><span class="mclose"><span class="mclose">)</span><span class="msupsub"><span class="vlist-t"><span class="vlist-r"><span class="vlist" style="height: 0.6644em;"><span class="" style="top: -3.063em; margin-right: 0.05em;"><span class="pstrut" style="height: 2.7em;"></span><span class="sizing reset-size6 size3 mtight"><span class="mord mathnormal mtight">n</span></span></span></span></span></span></span></span></span></span></span></p></div>"`;

exports[`LaTeX.js math parsing with snapshots > Fixture-based snapshot tests > ** simple inline math (snapshot) > math_tex-___simple_inline_math__snapshot_.html 1`] = `"<div class="body"><p>A basic parabola is <span class="katex"><span class="katex-mathml"><math xmlns="http://www.w3.org/1998/Math/MathML"><semantics><mrow><mi>y</mi><mo>=</mo><msup><mi>x</mi><mn>2</mn></msup></mrow><annotation encoding="application/x-tex">y = x^2</annotation></semantics></math></span><span class="katex-html" aria-hidden="true"><span class="base"><span class="strut" style="height: 0.625em; vertical-align: -0.1944em;"></span><span style="margin-right: 0.0359em;" class="mord mathnormal">y</span><span class="mspace" style="margin-right: 0.2778em;"></span><span class="mrel">=</span><span class="mspace" style="margin-right: 0.2778em;"></span></span><span class="base"><span class="strut" style="height: 0.8141em;"></span><span class="mord"><span class="mord mathnormal">x</span><span class="msupsub"><span class="vlist-t"><span class="vlist-r"><span class="vlist" style="height: 0.8141em;"><span class="" style="top: -3.063em; margin-right: 0.05em;"><span class="pstrut" style="height: 2.7em;"></span><span class="sizing reset-size6 size3 mtight"><span class="mord mtight">2</span></span></span></span></span></span></span></span></span></span></span>. More text afterwards.</p></div>"`;
