// Vitest Snapshot v1, https://vitest.dev/guide/snapshot.html

exports[`LaTeX.js text processing > ** TeX and LaTeX logos > text_tex-___TeX_and_LaTeX_logos.html 1`] = `"<div class="body"><p><span class="tex">T<span class="e">e</span>X</span><span class="latex">L<span class="a">a</span>T<span class="e">e</span>X</span></p></div>"`;

exports[`LaTeX.js text processing > ** UTF-8 text, punctuation, TeX symbols > text_tex-___UTF_8_text__punctuation__TeX_symbols.html 1`] = `"<div class="body"><p>A para­graph with “quotes,” German »quotes«, umlauts (äöüÄÖÜ), ß, thin spaces 80 000. Numbers?! Money $10, $5, and 5€.</p><p>.:;,?!’´‘()[]‐/*@+=</p><p>Hôtel, naı̈ve, élève, smørrebrød, ¡Señorita!, Schönbrunner Schloß​ Straße</p></div>"`;

exports[`LaTeX.js text processing > ** alignment > text_tex-___alignment.html 1`] = `"<div class="body"><p class="raggedright">This is a horrible test. In this paragraph we change the alignment to centering. But it actually becomes raggedright,</p><p class="centering">even with a group, and only after the par will it be centered.​ Until the group ends.</p><p class="centering">And we are now still centered.</p></div>"`;

exports[`LaTeX.js text processing > ** dashes, dots (no math) > text_tex-___dashes__dots__no_math_.html 1`] = `"<div class="body"><p>daughter‐in‐law, pages 13–67, yes—or no?</p></div>"`;

exports[`LaTeX.js text processing > ** ligatures, and ligature prevention > text_tex-___ligatures__and_ligature_prevention.html 1`] = `"<div class="body"><p>ﬀ ﬃ ﬄ ﬁ ﬂ « » ¡ ¿</p><p>Not shelﬀul but shelf<span class="hbox"><span></span></span>ful, or better, shelf‌ful.</p></div>"`;

exports[`LaTeX.js text processing > ** paragraphs and indentation > text_tex-___paragraphs_and_indentation.html 1`] = `"<div class="body"><p>This is a new paragraph.</p><p class="noindent">This is a new paragraph.</p></div>"`;

exports[`LaTeX.js text processing > ** paragraphs and newlines > text_tex-___paragraphs_and_newlines.html 1`] = `"<div class="body"><p>ﬁrst line<br>second line<br>third line</p><p>and then a new paragraph as well</p></div>"`;

exports[`LaTeX.js text processing > ** simple text in paragraphs > text_tex-___simple_text_in_paragraphs.html 1`] = `"<div class="body"><p>This is just some simple text.</p><p>This is just some simple text.</p><p>This is just some simple text.</p></div>"`;

exports[`LaTeX.js text processing > ** special characters > text_tex-___special_characters.html 1`] = `"<div class="body"><p># $ $ ^​ & _ { } ~​ \\​ % shelf­ful</p></div>"`;

exports[`LaTeX.js text processing > ** verbatim text > text_tex-___verbatim_text.html 1`] = `"<div class="body"><p>This is some <code class="tt">verbatim</code> text.</p><p><code class="tt">Any{thing</code> is possible in there.</p><p>And starred <code class="tt">is␣possible,␣too</code>. Nice, eh?</p></div>"`;
