// Vitest Snapshot v1, https://vitest.dev/guide/snapshot.html

exports[`LaTeX.js CLI Output Snapshots > Error output snapshots > macro error snapshot > macro-error-output.txt 1`] = `"SyntaxError: unknown macro: \\invalidcommand"`;

exports[`LaTeX.js CLI Output Snapshots > Error output snapshots > syntax error snapshot > syntax-error-output.txt 1`] = `"SyntaxError: groups need to be balanced!"`;

exports[`LaTeX.js CLI Output Snapshots > complex document compilation snapshot > complex-document-compilation.html 1`] = `"<html style="--size: 13.284px; --textwidth: 56.162%; --marginleftwidth: 21.919%; --marginrightwidth: 21.919%; --marginparwidth: 48.892%; --marginparsep: 14.612px; --marginparpush: 6.642px;"><head><title>untitled</title><meta charset="UTF-8"></meta><link type="text/css" rel="stylesheet" href="css/katex.css"><link type="text/css" rel="stylesheet" href="css/article.css"><script src="js/base.js"></script></head><body><div class="body"><h2 id="sec-1">1 In­tro­duc­tion</h2><p>This is a <span class="bf">com­pre­hen­sive</span> test doc­u­ment with <span class="it">var­i­ous</span> for­mat­ting.</p><h3 id="sec-2">1.1 Lists</h3><ul class="list"><li><span class="itemlabel"><span class="hbox llap">•</span></span><p>First item with <span class="katex"><span class="katex-mathml"><math xmlns="http://www.w3.org/1998/Math/MathML"><semantics><mrow><mi>m</mi><mi>a</mi><mi>t</mi><mi>h</mi><mo>=</mo><msup><mi>x</mi><mn>2</mn></msup></mrow><annotation encoding="application/x-tex">math = x^2</annotation></semantics></math></span><span class="katex-html" aria-hidden="true"><span class="base"><span class="strut" style="height: 0.6944em;"></span><span class="mord mathnormal">ma</span><span class="mord mathnormal">t</span><span class="mord mathnormal">h</span><span class="mspace" style="margin-right: 0.2778em;"></span><span class="mrel">=</span><span class="mspace" style="margin-right: 0.2778em;"></span></span><span class="base"><span class="strut" style="height: 0.8141em;"></span><span class="mord"><span class="mord mathnormal">x</span><span class="msupsub"><span class="vlist-t"><span class="vlist-r"><span class="vlist" style="height: 0.8141em;"><span class="" style="top: -3.063em; margin-right: 0.05em;"><span class="pstrut" style="height: 2.7em;"></span><span class="sizing reset-size6 size3 mtight"><span class="mord mtight">2</span></span></span></span></span></span></span></span></span></span></span></p></li><li><span class="itemlabel"><span class="hbox llap">•</span></span><p>Sec­ond item</p><ol class="list"><li><span class="itemlabel"><span class="hbox llap"><span id="item-3">1.</span></span></span><p>Nested num­bered item</p></li><li><span class="itemlabel"><span class="hbox llap"><span id="item-4">2.</span></span></span><p>An­other nested item</p></li></ol></li><li><span class="itemlabel"><span class="hbox llap">•</span></span><p>Fi­nal item</p></li></ul><h3 class="continue" id="sec-5">1.2 Math­e­mat­i­cal Con­tent</h3><p>The qua­dratic for­mula is: <span class="katex-display"><span class="katex"><span class="katex-mathml"><math xmlns="http://www.w3.org/1998/Math/MathML" display="block"><semantics><mrow><mi>x</mi><mo>=</mo><mfrac><mrow><mo>−</mo><mi>b</mi><mo>±</mo><msqrt><mrow><msup><mi>b</mi><mn>2</mn></msup><mo>−</mo><mn>4</mn><mi>a</mi><mi>c</mi></mrow></msqrt></mrow><mrow><mn>2</mn><mi>a</mi></mrow></mfrac></mrow><annotation encoding="application/x-tex">x = \\frac{-b \\pm \\sqrt{b^2 - 4ac}}{2a}</annotation></semantics></math></span><span class="katex-html" aria-hidden="true"><span class="base"><span class="strut" style="height: 0.4306em;"></span><span class="mord mathnormal">x</span><span class="mspace" style="margin-right: 0.2778em;"></span><span class="mrel">=</span><span class="mspace" style="margin-right: 0.2778em;"></span></span><span class="base"><span class="strut" style="height: 2.2764em; vertical-align: -0.686em;"></span><span class="mord"><span class="mopen nulldelimiter"></span><span class="mfrac"><span class="vlist-t vlist-t2"><span class="vlist-r"><span class="vlist" style="height: 1.5904em;"><span class="" style="top: -2.314em;"><span class="pstrut" style="height: 3em;"></span><span class="mord"><span class="mord">2</span><span class="mord mathnormal">a</span></span></span><span class="" style="top: -3.23em;"><span class="pstrut" style="height: 3em;"></span><span class="frac-line" style="border-bottom-width: 0.04em;"></span></span><span class="" style="top: -3.677em;"><span class="pstrut" style="height: 3em;"></span><span class="mord"><span class="mord">−</span><span class="mord mathnormal">b</span><span class="mspace" style="margin-right: 0.2222em;"></span><span class="mbin">±</span><span class="mspace" style="margin-right: 0.2222em;"></span><span class="mord sqrt"><span class="vlist-t vlist-t2"><span class="vlist-r"><span class="vlist" style="height: 0.9134em;"><span class="svg-align" style="top: -3em;"><span class="pstrut" style="height: 3em;"></span><span class="mord" style="padding-left: 0.833em;"><span class="mord"><span class="mord mathnormal">b</span><span class="msupsub"><span class="vlist-t"><span class="vlist-r"><span class="vlist" style="height: 0.7401em;"><span class="" style="top: -2.989em; margin-right: 0.05em;"><span class="pstrut" style="height: 2.7em;"></span><span class="sizing reset-size6 size3 mtight"><span class="mord mtight">2</span></span></span></span></span></span></span></span><span class="mspace" style="margin-right: 0.2222em;"></span><span class="mbin">−</span><span class="mspace" style="margin-right: 0.2222em;"></span><span class="mord">4</span><span class="mord mathnormal">a</span><span class="mord mathnormal">c</span></span></span><span class="" style="top: -2.8734em;"><span class="pstrut" style="height: 3em;"></span><span class="hide-tail" style="min-width: 0.853em; height: 1.08em;"><svg width="400em" height="1.08em" viewBox="0 0 400000 1080" preserveAspectRatio="xMinYMin slice"><path d="M95,702 c-2.7,0,-7.17,-2.7,-13.5,-8c-5.8,-5.3,-9.5,-10,-9.5,-14 c0,-2,0.3,-3.3,1,-4c1.3,-2.7,23.83,-20.7,67.5,-54 c44.2,-33.3,65.8,-50.3,66.5,-51c1.3,-1.3,3,-2,5,-2c4.7,0,8.7,3.3,12,10 s173,378,173,378c0.7,0,35.3,-71,104,-213c68.7,-142,137.5,-285,206.5,-429 c69,-144,104.5,-217.7,106.5,-221 l0 -0 c5.3,-9.3,12,-14,20,-14 H400000v40H845.2724 s-225.272,467,-225.272,467s-235,486,-235,486c-2.7,4.7,-9,7,-19,7 c-6,0,-10,-1,-12,-3s-194,-422,-194,-422s-65,47,-65,47z M834 80h400000v40h-400000z"></path></svg></span></span></span><span class="vlist-s">​</span></span><span class="vlist-r"><span class="vlist" style="height: 0.1266em;"><span class=""></span></span></span></span></span></span></span></span><span class="vlist-s">​</span></span><span class="vlist-r"><span class="vlist" style="height: 0.686em;"><span class=""></span></span></span></span></span><span class="mclose nulldelimiter"></span></span></span></span></span></span></p><h2 id="sec-6">2 Con­clu­sion</h2><p>This demon­strates <span class="latex">L<span class="a">a</span>T<span class="e">e</span>X</span>​ com­pi­la­tion to HTML.</p></div></body></html>"`;

exports[`LaTeX.js CLI Output Snapshots > help output snapshot > cli-help-output.txt 1`] = `
"JavaScript LaTeX to HTML5 translator (latex.js v0.12.6)

USAGE:
  latex.js <OPTIONS>

OPTIONS:
  -o, --output <output>                  specify output file, otherwise STDOUT will be used
  -a, --assets <assets>                  copy CSS and fonts to the directory of the output file, unless dir is given (default: no assets are copied)
  -u, --url <url>                        set the base URL to use for the assets (default: use relative URLs)
  -b, --body                             don't include HTML boilerplate and CSS, only output the contents of body
  -e, --entities                         encode HTML entities in the output instead of using UTF-8 characters
  -p, --pretty                           beautify the html (this may add/remove spaces unintentionally)
  -c, --class [class]                    set a default documentclass for documents without a preamble (default: article)
  -m, --macros <macros>                  load a JavaScript file with additional custom macros
  -s, --stylesheet <stylesheet>          specify additional style sheets to use (comma-separated for multiple)
  -n, --hyphenation                      insert soft hyphens (enables automatic hyphenation in the browser) (default: true)
  -l, --language [language]              set hyphenation language (default: en)
  -h, --help                             Display this help message
  -v, --version                          Display this version

"
`;

exports[`LaTeX.js CLI Output Snapshots > math LaTeX compilation snapshot > math-latex-compilation.html 1`] = `"<html style="--size: 13.284px; --textwidth: 56.162%; --marginleftwidth: 21.919%; --marginrightwidth: 21.919%; --marginparwidth: 48.892%; --marginparsep: 14.612px; --marginparpush: 6.642px;"><head><title>untitled</title><meta charset="UTF-8"></meta><link type="text/css" rel="stylesheet" href="css/katex.css"><link type="text/css" rel="stylesheet" href="css/article.css"><script src="js/base.js"></script></head><body><div class="body"><h2 id="sec-1">1 Math Ex­am­ples</h2><p>In­line math: <span class="katex"><span class="katex-mathml"><math xmlns="http://www.w3.org/1998/Math/MathML"><semantics><mrow><mi>E</mi><mo>=</mo><mi>m</mi><msup><mi>c</mi><mn>2</mn></msup></mrow><annotation encoding="application/x-tex">E = mc^2</annotation></semantics></math></span><span class="katex-html" aria-hidden="true"><span class="base"><span class="strut" style="height: 0.6833em;"></span><span style="margin-right: 0.0576em;" class="mord mathnormal">E</span><span class="mspace" style="margin-right: 0.2778em;"></span><span class="mrel">=</span><span class="mspace" style="margin-right: 0.2778em;"></span></span><span class="base"><span class="strut" style="height: 0.8141em;"></span><span class="mord mathnormal">m</span><span class="mord"><span class="mord mathnormal">c</span><span class="msupsub"><span class="vlist-t"><span class="vlist-r"><span class="vlist" style="height: 0.8141em;"><span class="" style="top: -3.063em; margin-right: 0.05em;"><span class="pstrut" style="height: 2.7em;"></span><span class="sizing reset-size6 size3 mtight"><span class="mord mtight">2</span></span></span></span></span></span></span></span></span></span></span></p><p>Dis­play math: <span class="katex-display"><span class="katex"><span class="katex-mathml"><math xmlns="http://www.w3.org/1998/Math/MathML" display="block"><semantics><mrow><msubsup><mo>∫</mo><mrow><mo>−</mo><mi mathvariant="normal">∞</mi></mrow><mi mathvariant="normal">∞</mi></msubsup><msup><mi>e</mi><mrow><mo>−</mo><msup><mi>x</mi><mn>2</mn></msup></mrow></msup><mi>d</mi><mi>x</mi><mo>=</mo><msqrt><mi>π</mi></msqrt></mrow><annotation encoding="application/x-tex">\\int_{-\\infty}^{\\infty} e^{-x^2} dx = \\sqrt{\\pi}</annotation></semantics></math></span><span class="katex-html" aria-hidden="true"><span class="base"><span class="strut" style="height: 2.3846em; vertical-align: -0.9703em;"></span><span class="mop"><span style="margin-right: 0.4445em; position: relative; top: -0.0011em;" class="mop op-symbol large-op">∫</span><span class="msupsub"><span class="vlist-t vlist-t2"><span class="vlist-r"><span class="vlist" style="height: 1.4143em;"><span class="" style="top: -1.7881em; margin-left: -0.4445em; margin-right: 0.05em;"><span class="pstrut" style="height: 2.7em;"></span><span class="sizing reset-size6 size3 mtight"><span class="mord mtight"><span class="mord mtight">−</span><span class="mord mtight">∞</span></span></span></span><span class="" style="top: -3.8129em; margin-right: 0.05em;"><span class="pstrut" style="height: 2.7em;"></span><span class="sizing reset-size6 size3 mtight"><span class="mord mtight"><span class="mord mtight">∞</span></span></span></span></span><span class="vlist-s">​</span></span><span class="vlist-r"><span class="vlist" style="height: 0.9703em;"><span class=""></span></span></span></span></span></span><span class="mspace" style="margin-right: 0.1667em;"></span><span class="mord"><span class="mord mathnormal">e</span><span class="msupsub"><span class="vlist-t"><span class="vlist-r"><span class="vlist" style="height: 1.0369em;"><span class="" style="top: -3.113em; margin-right: 0.05em;"><span class="pstrut" style="height: 2.7em;"></span><span class="sizing reset-size6 size3 mtight"><span class="mord mtight"><span class="mord mtight">−</span><span class="mord mtight"><span class="mord mathnormal mtight">x</span><span class="msupsub"><span class="vlist-t"><span class="vlist-r"><span class="vlist" style="height: 0.8913em;"><span class="" style="top: -2.931em; margin-right: 0.0714em;"><span class="pstrut" style="height: 2.5em;"></span><span class="sizing reset-size3 size1 mtight"><span class="mord mtight">2</span></span></span></span></span></span></span></span></span></span></span></span></span></span></span></span><span class="mord mathnormal">d</span><span class="mord mathnormal">x</span><span class="mspace" style="margin-right: 0.2778em;"></span><span class="mrel">=</span><span class="mspace" style="margin-right: 0.2778em;"></span></span><span class="base"><span class="strut" style="height: 1.04em; vertical-align: -0.1908em;"></span><span class="mord sqrt"><span class="vlist-t vlist-t2"><span class="vlist-r"><span class="vlist" style="height: 0.8492em;"><span class="svg-align" style="top: -3em;"><span class="pstrut" style="height: 3em;"></span><span class="mord" style="padding-left: 0.833em;"><span style="margin-right: 0.0359em;" class="mord mathnormal">π</span></span></span><span class="" style="top: -2.8092em;"><span class="pstrut" style="height: 3em;"></span><span class="hide-tail" style="min-width: 0.853em; height: 1.08em;"><svg width="400em" height="1.08em" viewBox="0 0 400000 1080" preserveAspectRatio="xMinYMin slice"><path d="M95,702 c-2.7,0,-7.17,-2.7,-13.5,-8c-5.8,-5.3,-9.5,-10,-9.5,-14 c0,-2,0.3,-3.3,1,-4c1.3,-2.7,23.83,-20.7,67.5,-54 c44.2,-33.3,65.8,-50.3,66.5,-51c1.3,-1.3,3,-2,5,-2c4.7,0,8.7,3.3,12,10 s173,378,173,378c0.7,0,35.3,-71,104,-213c68.7,-142,137.5,-285,206.5,-429 c69,-144,104.5,-217.7,106.5,-221 l0 -0 c5.3,-9.3,12,-14,20,-14 H400000v40H845.2724 s-225.272,467,-225.272,467s-235,486,-235,486c-2.7,4.7,-9,7,-19,7 c-6,0,-10,-1,-12,-3s-194,-422,-194,-422s-65,47,-65,47z M834 80h400000v40h-400000z"></path></svg></span></span></span><span class="vlist-s">​</span></span><span class="vlist-r"><span class="vlist" style="height: 0.1908em;"><span class=""></span></span></span></span></span></span></span></span></span></p><p>More math: <span class="katex"><span class="katex-mathml"><math xmlns="http://www.w3.org/1998/Math/MathML"><semantics><mrow><msubsup><mo>∑</mo><mrow><mi>n</mi><mo>=</mo><mn>1</mn></mrow><mn>10</mn></msubsup><mi>n</mi><mo>=</mo><mn>55</mn></mrow><annotation encoding="application/x-tex">\\sum_{n=1}^{10} n = 55</annotation></semantics></math></span><span class="katex-html" aria-hidden="true"><span class="base"><span class="strut" style="height: 1.2537em; vertical-align: -0.2997em;"></span><span class="mop"><span class="mop op-symbol small-op" style="position: relative; top: 0em;">∑</span><span class="msupsub"><span class="vlist-t vlist-t2"><span class="vlist-r"><span class="vlist" style="height: 0.954em;"><span class="" style="top: -2.4003em; margin-left: 0em; margin-right: 0.05em;"><span class="pstrut" style="height: 2.7em;"></span><span class="sizing reset-size6 size3 mtight"><span class="mord mtight"><span class="mord mathnormal mtight">n</span><span class="mrel mtight">=</span><span class="mord mtight">1</span></span></span></span><span class="" style="top: -3.2029em; margin-right: 0.05em;"><span class="pstrut" style="height: 2.7em;"></span><span class="sizing reset-size6 size3 mtight"><span class="mord mtight"><span class="mord mtight">10</span></span></span></span></span><span class="vlist-s">​</span></span><span class="vlist-r"><span class="vlist" style="height: 0.2997em;"><span class=""></span></span></span></span></span></span><span class="mspace" style="margin-right: 0.1667em;"></span><span class="mord mathnormal">n</span><span class="mspace" style="margin-right: 0.2778em;"></span><span class="mrel">=</span><span class="mspace" style="margin-right: 0.2778em;"></span></span><span class="base"><span class="strut" style="height: 0.6444em;"></span><span class="mord">55</span></span></span></span> and <span class="katex"><span class="katex-mathml"><math xmlns="http://www.w3.org/1998/Math/MathML"><semantics><mrow><mfrac><mi>a</mi><mi>b</mi></mfrac><mo>=</mo><mi>c</mi></mrow><annotation encoding="application/x-tex">\\frac{a}{b} = c</annotation></semantics></math></span><span class="katex-html" aria-hidden="true"><span class="base"><span class="strut" style="height: 1.0404em; vertical-align: -0.345em;"></span><span class="mord"><span class="mopen nulldelimiter"></span><span class="mfrac"><span class="vlist-t vlist-t2"><span class="vlist-r"><span class="vlist" style="height: 0.6954em;"><span class="" style="top: -2.655em;"><span class="pstrut" style="height: 3em;"></span><span class="sizing reset-size6 size3 mtight"><span class="mord mtight"><span class="mord mathnormal mtight">b</span></span></span></span><span class="" style="top: -3.23em;"><span class="pstrut" style="height: 3em;"></span><span class="frac-line" style="border-bottom-width: 0.04em;"></span></span><span class="" style="top: -3.394em;"><span class="pstrut" style="height: 3em;"></span><span class="sizing reset-size6 size3 mtight"><span class="mord mtight"><span class="mord mathnormal mtight">a</span></span></span></span></span><span class="vlist-s">​</span></span><span class="vlist-r"><span class="vlist" style="height: 0.345em;"><span class=""></span></span></span></span></span><span class="mclose nulldelimiter"></span></span><span class="mspace" style="margin-right: 0.2778em;"></span><span class="mrel">=</span><span class="mspace" style="margin-right: 0.2778em;"></span></span><span class="base"><span class="strut" style="height: 0.4306em;"></span><span class="mord mathnormal">c</span></span></span></span>.</p></div></body></html>"`;

exports[`LaTeX.js CLI Output Snapshots > simple LaTeX compilation snapshot > simple-latex-compilation.html 1`] = `"<html style="--size: 13.284px; --textwidth: 56.162%; --marginleftwidth: 21.919%; --marginrightwidth: 21.919%; --marginparwidth: 48.892%; --marginparsep: 14.612px; --marginparpush: 6.642px;"><head><title>untitled</title><meta charset="UTF-8"></meta><link type="text/css" rel="stylesheet" href="css/katex.css"><link type="text/css" rel="stylesheet" href="css/article.css"><script src="js/base.js"></script></head><body><div class="body"><p>Hello <span class="latex">L<span class="a">a</span>T<span class="e">e</span>X</span>​ world!</p></div></body></html>"`;

exports[`LaTeX.js CLI Output Snapshots > version output snapshot > cli-version-output.txt 1`] = `
"0.12.6
"
`;
