// Vitest Snapshot v1, https://vitest.dev/guide/snapshot.html

exports[`LaTeX.js Core Features Snapshots > Basic Text Processing > line breaks > line_breaks.html 1`] = `"<div class="body"><p>First line<br>Second line<br>Third line</p><p>Fourth paragraph.</p></div>"`;

exports[`LaTeX.js Core Features Snapshots > Basic Text Processing > multiple paragraphs > multiple_paragraphs.html 1`] = `"<div class="body"><p>First paragraph with text.</p><p>Second paragraph after blank line.</p><p>Third paragraph here.</p></div>"`;

exports[`LaTeX.js Core Features Snapshots > Basic Text Processing > simple paragraph > simple_paragraph.html 1`] = `"<div class="body"><p>This is a simple paragraph with some text.</p></div>"`;

exports[`LaTeX.js Core Features Snapshots > Document Structure > quotes > quotes.html 1`] = `"<div class="body"><div class="list quote"><p>This is a block quote with some text.</p></div></div>"`;

exports[`LaTeX.js Core Features Snapshots > Document Structure > section headers > section_headers.html 1`] = `"<div class="body"><h2 id="sec-1">1 Main Section</h2><p>Some content here.</p><h3 id="sec-2">1.1 Subsection</h3><p>More content here.</p><h4 id="sec-3">1.1.1 Sub‐subsection</h4><p>Final content.</p></div>"`;

exports[`LaTeX.js Core Features Snapshots > Full Document Snapshots > complete article > complete_article_document.html 1`] = `"<html style="--size: 13.284px; --textwidth: 56.162%; --marginleftwidth: 21.919%; --marginrightwidth: 21.919%; --marginparwidth: 48.892%; --marginparsep: 14.612px; --marginparpush: 6.642px;"><head><title>untitled</title><meta charset="UTF-8"></meta><link type="text/css" rel="stylesheet" href="css/katex.css"><link type="text/css" rel="stylesheet" href="css/article.css"><script src="js/base.js"></script></head><body><div class="body continue"><h2 id="sec-1">1 Introduction</h2><p>This is a complete document with <span class="bf">formatting</span> and <span class="katex"><span class="katex-mathml"><math xmlns="http://www.w3.org/1998/Math/MathML"><semantics><mrow><mi>m</mi><mi>a</mi><mi>t</mi><mi>h</mi><mo>=</mo><mi>e</mi><mi>q</mi><mi>u</mi><mi>a</mi><mi>t</mi><mi>i</mi><mi>o</mi><mi>n</mi><mi>s</mi></mrow><annotation encoding="application/x-tex">math = equations</annotation></semantics></math></span><span class="katex-html" aria-hidden="true"><span class="base"><span class="strut" style="height: 0.6944em;"></span><span class="mord mathnormal">ma</span><span class="mord mathnormal">t</span><span class="mord mathnormal">h</span><span class="mspace" style="margin-right: 0.2778em;"></span><span class="mrel">=</span><span class="mspace" style="margin-right: 0.2778em;"></span></span><span class="base"><span class="strut" style="height: 0.854em; vertical-align: -0.1944em;"></span><span class="mord mathnormal">e</span><span style="margin-right: 0.0359em;" class="mord mathnormal">q</span><span class="mord mathnormal">u</span><span class="mord mathnormal">a</span><span class="mord mathnormal">t</span><span class="mord mathnormal">i</span><span class="mord mathnormal">o</span><span class="mord mathnormal">n</span><span class="mord mathnormal">s</span></span></span></span>.</p><ul class="list"><li><span class="itemlabel"><span class="hbox llap">•</span></span><p>List item 1</p></li><li><span class="itemlabel"><span class="hbox llap">•</span></span><p>List item 2</p></li></ul></div></body></html>"`;

exports[`LaTeX.js Core Features Snapshots > Full Document Snapshots > math heavy document > math_heavy_document_document.html 1`] = `"<html style="--size: 13.284px; --textwidth: 56.162%; --marginleftwidth: 21.919%; --marginrightwidth: 21.919%; --marginparwidth: 48.892%; --marginparsep: 14.612px; --marginparpush: 6.642px;"><head><title>untitled</title><meta charset="UTF-8"></meta><link type="text/css" rel="stylesheet" href="css/katex.css"><link type="text/css" rel="stylesheet" href="css/article.css"><script src="js/base.js"></script></head><body><div class="body"><h2 id="sec-1">1 Mathematics</h2><p>Inline math: <span class="katex"><span class="katex-mathml"><math xmlns="http://www.w3.org/1998/Math/MathML"><semantics><mrow><mi>α</mi><mo>+</mo><mi>β</mi><mo>=</mo><mi>γ</mi></mrow><annotation encoding="application/x-tex">\\alpha + \\beta = \\gamma</annotation></semantics></math></span><span class="katex-html" aria-hidden="true"><span class="base"><span class="strut" style="height: 0.6667em; vertical-align: -0.0833em;"></span><span style="margin-right: 0.0037em;" class="mord mathnormal">α</span><span class="mspace" style="margin-right: 0.2222em;"></span><span class="mbin">+</span><span class="mspace" style="margin-right: 0.2222em;"></span></span><span class="base"><span class="strut" style="height: 0.8889em; vertical-align: -0.1944em;"></span><span style="margin-right: 0.0528em;" class="mord mathnormal">β</span><span class="mspace" style="margin-right: 0.2778em;"></span><span class="mrel">=</span><span class="mspace" style="margin-right: 0.2778em;"></span></span><span class="base"><span class="strut" style="height: 0.625em; vertical-align: -0.1944em;"></span><span style="margin-right: 0.0556em;" class="mord mathnormal">γ</span></span></span></span></p><p>Display math: <span class="katex-display"><span class="katex"><span class="katex-mathml"><math xmlns="http://www.w3.org/1998/Math/MathML" display="block"><semantics><mrow><munderover><mo>∑</mo><mrow><mi>n</mi><mo>=</mo><mn>1</mn></mrow><mi mathvariant="normal">∞</mi></munderover><mfrac><mn>1</mn><msup><mi>n</mi><mn>2</mn></msup></mfrac><mo>=</mo><mfrac><msup><mi>π</mi><mn>2</mn></msup><mn>6</mn></mfrac></mrow><annotation encoding="application/x-tex">\\sum_{n=1}^{\\infty} \\frac{1}{n^2} = \\frac{\\pi^2}{6}</annotation></semantics></math></span><span class="katex-html" aria-hidden="true"><span class="base"><span class="strut" style="height: 2.9185em; vertical-align: -1.2671em;"></span><span class="mop op-limits"><span class="vlist-t vlist-t2"><span class="vlist-r"><span class="vlist" style="height: 1.6514em;"><span class="" style="top: -1.8829em; margin-left: 0em;"><span class="pstrut" style="height: 3.05em;"></span><span class="sizing reset-size6 size3 mtight"><span class="mord mtight"><span class="mord mathnormal mtight">n</span><span class="mrel mtight">=</span><span class="mord mtight">1</span></span></span></span><span class="" style="top: -3.05em;"><span class="pstrut" style="height: 3.05em;"></span><span class=""><span class="mop op-symbol large-op">∑</span></span></span><span class="" style="top: -4.3em; margin-left: 0em;"><span class="pstrut" style="height: 3.05em;"></span><span class="sizing reset-size6 size3 mtight"><span class="mord mtight"><span class="mord mtight">∞</span></span></span></span></span><span class="vlist-s">​</span></span><span class="vlist-r"><span class="vlist" style="height: 1.2671em;"><span class=""></span></span></span></span></span><span class="mspace" style="margin-right: 0.1667em;"></span><span class="mord"><span class="mopen nulldelimiter"></span><span class="mfrac"><span class="vlist-t vlist-t2"><span class="vlist-r"><span class="vlist" style="height: 1.3214em;"><span class="" style="top: -2.314em;"><span class="pstrut" style="height: 3em;"></span><span class="mord"><span class="mord"><span class="mord mathnormal">n</span><span class="msupsub"><span class="vlist-t"><span class="vlist-r"><span class="vlist" style="height: 0.7401em;"><span class="" style="top: -2.989em; margin-right: 0.05em;"><span class="pstrut" style="height: 2.7em;"></span><span class="sizing reset-size6 size3 mtight"><span class="mord mtight">2</span></span></span></span></span></span></span></span></span></span><span class="" style="top: -3.23em;"><span class="pstrut" style="height: 3em;"></span><span class="frac-line" style="border-bottom-width: 0.04em;"></span></span><span class="" style="top: -3.677em;"><span class="pstrut" style="height: 3em;"></span><span class="mord"><span class="mord">1</span></span></span></span><span class="vlist-s">​</span></span><span class="vlist-r"><span class="vlist" style="height: 0.686em;"><span class=""></span></span></span></span></span><span class="mclose nulldelimiter"></span></span><span class="mspace" style="margin-right: 0.2778em;"></span><span class="mrel">=</span><span class="mspace" style="margin-right: 0.2778em;"></span></span><span class="base"><span class="strut" style="height: 2.1771em; vertical-align: -0.686em;"></span><span class="mord"><span class="mopen nulldelimiter"></span><span class="mfrac"><span class="vlist-t vlist-t2"><span class="vlist-r"><span class="vlist" style="height: 1.4911em;"><span class="" style="top: -2.314em;"><span class="pstrut" style="height: 3em;"></span><span class="mord"><span class="mord">6</span></span></span><span class="" style="top: -3.23em;"><span class="pstrut" style="height: 3em;"></span><span class="frac-line" style="border-bottom-width: 0.04em;"></span></span><span class="" style="top: -3.677em;"><span class="pstrut" style="height: 3em;"></span><span class="mord"><span class="mord"><span style="margin-right: 0.0359em;" class="mord mathnormal">π</span><span class="msupsub"><span class="vlist-t"><span class="vlist-r"><span class="vlist" style="height: 0.8141em;"><span class="" style="top: -3.063em; margin-right: 0.05em;"><span class="pstrut" style="height: 2.7em;"></span><span class="sizing reset-size6 size3 mtight"><span class="mord mtight">2</span></span></span></span></span></span></span></span></span></span></span><span class="vlist-s">​</span></span><span class="vlist-r"><span class="vlist" style="height: 0.686em;"><span class=""></span></span></span></span></span><span class="mclose nulldelimiter"></span></span></span></span></span></span></p><p>More equations: <span class="katex"><span class="katex-mathml"><math xmlns="http://www.w3.org/1998/Math/MathML"><semantics><mrow><mi>E</mi><mo>=</mo><mi>m</mi><msup><mi>c</mi><mn>2</mn></msup></mrow><annotation encoding="application/x-tex">E = mc^2</annotation></semantics></math></span><span class="katex-html" aria-hidden="true"><span class="base"><span class="strut" style="height: 0.6833em;"></span><span style="margin-right: 0.0576em;" class="mord mathnormal">E</span><span class="mspace" style="margin-right: 0.2778em;"></span><span class="mrel">=</span><span class="mspace" style="margin-right: 0.2778em;"></span></span><span class="base"><span class="strut" style="height: 0.8141em;"></span><span class="mord mathnormal">m</span><span class="mord"><span class="mord mathnormal">c</span><span class="msupsub"><span class="vlist-t"><span class="vlist-r"><span class="vlist" style="height: 0.8141em;"><span class="" style="top: -3.063em; margin-right: 0.05em;"><span class="pstrut" style="height: 2.7em;"></span><span class="sizing reset-size6 size3 mtight"><span class="mord mtight">2</span></span></span></span></span></span></span></span></span></span></span> and <span class="katex"><span class="katex-mathml"><math xmlns="http://www.w3.org/1998/Math/MathML"><semantics><mrow><mi>F</mi><mo>=</mo><mi>m</mi><mi>a</mi></mrow><annotation encoding="application/x-tex">F = ma</annotation></semantics></math></span><span class="katex-html" aria-hidden="true"><span class="base"><span class="strut" style="height: 0.6833em;"></span><span style="margin-right: 0.1389em;" class="mord mathnormal">F</span><span class="mspace" style="margin-right: 0.2778em;"></span><span class="mrel">=</span><span class="mspace" style="margin-right: 0.2778em;"></span></span><span class="base"><span class="strut" style="height: 0.4306em;"></span><span class="mord mathnormal">ma</span></span></span></span>.</p></div></body></html>"`;

exports[`LaTeX.js Core Features Snapshots > Lists and Environments > description list > description_list.html 1`] = `"<div class="body"><dl class="list"><dt>Term 1</dt><dd><p>Deﬁnition of ﬁrst term</p></dd><dt>Term 2</dt><dd><p>Deﬁnition of second term</p></dd><dt><span class="bf">Bold Term</span></dt><dd><p>Deﬁnition with formatting</p></dd></dl></div>"`;

exports[`LaTeX.js Core Features Snapshots > Lists and Environments > enumerate list > enumerate_list.html 1`] = `"<div class="body"><ol class="list"><li><span class="itemlabel"><span class="hbox llap"><span id="item-1">1.</span></span></span><p>Numbered item</p></li><li><span class="itemlabel"><span class="hbox llap"><span id="item-2">2.</span></span></span><p>Another numbered item</p></li><li><span class="itemlabel"><span class="hbox llap"><span id="item-3">3.</span></span></span><p>Final numbered item</p></li></ol></div>"`;

exports[`LaTeX.js Core Features Snapshots > Lists and Environments > itemize list > itemize_list.html 1`] = `"<div class="body"><ul class="list"><li><span class="itemlabel"><span class="hbox llap">•</span></span><p>First item</p></li><li><span class="itemlabel"><span class="hbox llap">•</span></span><p>Second item with <span class="bf">bold</span></p></li><li><span class="itemlabel"><span class="hbox llap">•</span></span><p>Third item</p></li></ul></div>"`;

exports[`LaTeX.js Core Features Snapshots > Lists and Environments > nested lists > nested_lists.html 1`] = `"<div class="body"><ul class="list"><li><span class="itemlabel"><span class="hbox llap">•</span></span><p>Outer item 1</p><ol class="list"><li><span class="itemlabel"><span class="hbox llap"><span id="item-1">1.</span></span></span><p>Inner numbered 1</p></li><li><span class="itemlabel"><span class="hbox llap"><span id="item-2">2.</span></span></span><p>Inner numbered 2</p></li></ol></li><li><span class="itemlabel"><span class="hbox llap">•</span></span><p>Outer item 2</p></li></ul></div>"`;

exports[`LaTeX.js Core Features Snapshots > Mathematical Expressions > display math > display_math.html 1`] = `"<div class="body"><p><span class="katex-display"><span class="katex"><span class="katex-mathml"><math xmlns="http://www.w3.org/1998/Math/MathML" display="block"><semantics><mrow><msubsup><mo>∫</mo><mrow><mo>−</mo><mi mathvariant="normal">∞</mi></mrow><mi mathvariant="normal">∞</mi></msubsup><msup><mi>e</mi><mrow><mo>−</mo><msup><mi>x</mi><mn>2</mn></msup></mrow></msup><mi>d</mi><mi>x</mi><mo>=</mo><msqrt><mi>π</mi></msqrt></mrow><annotation encoding="application/x-tex">\\int_{-\\infty}^{\\infty} e^{-x^2} dx = \\sqrt{\\pi}</annotation></semantics></math></span><span class="katex-html" aria-hidden="true"><span class="base"><span class="strut" style="height: 2.3846em; vertical-align: -0.9703em;"></span><span class="mop"><span style="margin-right: 0.4445em; position: relative; top: -0.0011em;" class="mop op-symbol large-op">∫</span><span class="msupsub"><span class="vlist-t vlist-t2"><span class="vlist-r"><span class="vlist" style="height: 1.4143em;"><span class="" style="top: -1.7881em; margin-left: -0.4445em; margin-right: 0.05em;"><span class="pstrut" style="height: 2.7em;"></span><span class="sizing reset-size6 size3 mtight"><span class="mord mtight"><span class="mord mtight">−</span><span class="mord mtight">∞</span></span></span></span><span class="" style="top: -3.8129em; margin-right: 0.05em;"><span class="pstrut" style="height: 2.7em;"></span><span class="sizing reset-size6 size3 mtight"><span class="mord mtight"><span class="mord mtight">∞</span></span></span></span></span><span class="vlist-s">​</span></span><span class="vlist-r"><span class="vlist" style="height: 0.9703em;"><span class=""></span></span></span></span></span></span><span class="mspace" style="margin-right: 0.1667em;"></span><span class="mord"><span class="mord mathnormal">e</span><span class="msupsub"><span class="vlist-t"><span class="vlist-r"><span class="vlist" style="height: 1.0369em;"><span class="" style="top: -3.113em; margin-right: 0.05em;"><span class="pstrut" style="height: 2.7em;"></span><span class="sizing reset-size6 size3 mtight"><span class="mord mtight"><span class="mord mtight">−</span><span class="mord mtight"><span class="mord mathnormal mtight">x</span><span class="msupsub"><span class="vlist-t"><span class="vlist-r"><span class="vlist" style="height: 0.8913em;"><span class="" style="top: -2.931em; margin-right: 0.0714em;"><span class="pstrut" style="height: 2.5em;"></span><span class="sizing reset-size3 size1 mtight"><span class="mord mtight">2</span></span></span></span></span></span></span></span></span></span></span></span></span></span></span></span><span class="mord mathnormal">d</span><span class="mord mathnormal">x</span><span class="mspace" style="margin-right: 0.2778em;"></span><span class="mrel">=</span><span class="mspace" style="margin-right: 0.2778em;"></span></span><span class="base"><span class="strut" style="height: 1.04em; vertical-align: -0.1908em;"></span><span class="mord sqrt"><span class="vlist-t vlist-t2"><span class="vlist-r"><span class="vlist" style="height: 0.8492em;"><span class="svg-align" style="top: -3em;"><span class="pstrut" style="height: 3em;"></span><span class="mord" style="padding-left: 0.833em;"><span style="margin-right: 0.0359em;" class="mord mathnormal">π</span></span></span><span class="" style="top: -2.8092em;"><span class="pstrut" style="height: 3em;"></span><span class="hide-tail" style="min-width: 0.853em; height: 1.08em;"><svg width="400em" height="1.08em" viewBox="0 0 400000 1080" preserveAspectRatio="xMinYMin slice"><path d="M95,702c-2.7,0,-7.17,-2.7,-13.5,-8c-5.8,-5.3,-9.5,-10,-9.5,-14c0,-2,0.3,-3.3,1,-4c1.3,-2.7,23.83,-20.7,67.5,-54c44.2,-33.3,65.8,-50.3,66.5,-51c1.3,-1.3,3,-2,5,-2c4.7,0,8.7,3.3,12,10s173,378,173,378c0.7,0,35.3,-71,104,-213c68.7,-142,137.5,-285,206.5,-429c69,-144,104.5,-217.7,106.5,-221l0 -0c5.3,-9.3,12,-14,20,-14H400000v40H845.2724s-225.272,467,-225.272,467s-235,486,-235,486c-2.7,4.7,-9,7,-19,7c-6,0,-10,-1,-12,-3s-194,-422,-194,-422s-65,47,-65,47zM834 80h400000v40h-400000z"></path></svg></span></span></span><span class="vlist-s">​</span></span><span class="vlist-r"><span class="vlist" style="height: 0.1908em;"><span class=""></span></span></span></span></span></span></span></span></span></p></div>"`;

exports[`LaTeX.js Core Features Snapshots > Mathematical Expressions > inline math > inline_math.html 1`] = `"<div class="body"><p>The equation <span class="katex"><span class="katex-mathml"><math xmlns="http://www.w3.org/1998/Math/MathML"><semantics><mrow><mi>E</mi><mo>=</mo><mi>m</mi><msup><mi>c</mi><mn>2</mn></msup></mrow><annotation encoding="application/x-tex">E = mc^2</annotation></semantics></math></span><span class="katex-html" aria-hidden="true"><span class="base"><span class="strut" style="height: 0.6833em;"></span><span style="margin-right: 0.0576em;" class="mord mathnormal">E</span><span class="mspace" style="margin-right: 0.2778em;"></span><span class="mrel">=</span><span class="mspace" style="margin-right: 0.2778em;"></span></span><span class="base"><span class="strut" style="height: 0.8141em;"></span><span class="mord mathnormal">m</span><span class="mord"><span class="mord mathnormal">c</span><span class="msupsub"><span class="vlist-t"><span class="vlist-r"><span class="vlist" style="height: 0.8141em;"><span class="" style="top: -3.063em; margin-right: 0.05em;"><span class="pstrut" style="height: 2.7em;"></span><span class="sizing reset-size6 size3 mtight"><span class="mord mtight">2</span></span></span></span></span></span></span></span></span></span></span> is famous, and so is <span class="katex"><span class="katex-mathml"><math xmlns="http://www.w3.org/1998/Math/MathML"><semantics><mrow><mi>π</mi><mo>≈</mo><mn>3.14</mn></mrow><annotation encoding="application/x-tex">\\pi \\approx 3.14</annotation></semantics></math></span><span class="katex-html" aria-hidden="true"><span class="base"><span class="strut" style="height: 0.4831em;"></span><span style="margin-right: 0.0359em;" class="mord mathnormal">π</span><span class="mspace" style="margin-right: 0.2778em;"></span><span class="mrel">≈</span><span class="mspace" style="margin-right: 0.2778em;"></span></span><span class="base"><span class="strut" style="height: 0.6444em;"></span><span class="mord">3.14</span></span></span></span>.</p></div>"`;

exports[`LaTeX.js Core Features Snapshots > Mathematical Expressions > math symbols > math_symbols.html 1`] = `"<div class="body"><p><span class="katex"><span class="katex-mathml"><math xmlns="http://www.w3.org/1998/Math/MathML"><semantics><mrow><mi>α</mi><mo>+</mo><mi>β</mi><mo>=</mo><mi>γ</mi></mrow><annotation encoding="application/x-tex">\\alpha + \\beta = \\gamma</annotation></semantics></math></span><span class="katex-html" aria-hidden="true"><span class="base"><span class="strut" style="height: 0.6667em; vertical-align: -0.0833em;"></span><span style="margin-right: 0.0037em;" class="mord mathnormal">α</span><span class="mspace" style="margin-right: 0.2222em;"></span><span class="mbin">+</span><span class="mspace" style="margin-right: 0.2222em;"></span></span><span class="base"><span class="strut" style="height: 0.8889em; vertical-align: -0.1944em;"></span><span style="margin-right: 0.0528em;" class="mord mathnormal">β</span><span class="mspace" style="margin-right: 0.2778em;"></span><span class="mrel">=</span><span class="mspace" style="margin-right: 0.2778em;"></span></span><span class="base"><span class="strut" style="height: 0.625em; vertical-align: -0.1944em;"></span><span style="margin-right: 0.0556em;" class="mord mathnormal">γ</span></span></span></span>, <span class="katex"><span class="katex-mathml"><math xmlns="http://www.w3.org/1998/Math/MathML"><semantics><mrow><msubsup><mo>∑</mo><mrow><mi>i</mi><mo>=</mo><mn>1</mn></mrow><mi>n</mi></msubsup><mi>i</mi><mo>=</mo><mfrac><mrow><mi>n</mi><mo stretchy="false">(</mo><mi>n</mi><mo>+</mo><mn>1</mn><mo stretchy="false">)</mo></mrow><mn>2</mn></mfrac></mrow><annotation encoding="application/x-tex">\\sum_{i=1}^n i = \\frac{n(n+1)}{2}</annotation></semantics></math></span><span class="katex-html" aria-hidden="true"><span class="base"><span class="strut" style="height: 1.104em; vertical-align: -0.2997em;"></span><span class="mop"><span class="mop op-symbol small-op" style="position: relative; top: 0em;">∑</span><span class="msupsub"><span class="vlist-t vlist-t2"><span class="vlist-r"><span class="vlist" style="height: 0.8043em;"><span class="" style="top: -2.4003em; margin-left: 0em; margin-right: 0.05em;"><span class="pstrut" style="height: 2.7em;"></span><span class="sizing reset-size6 size3 mtight"><span class="mord mtight"><span class="mord mathnormal mtight">i</span><span class="mrel mtight">=</span><span class="mord mtight">1</span></span></span></span><span class="" style="top: -3.2029em; margin-right: 0.05em;"><span class="pstrut" style="height: 2.7em;"></span><span class="sizing reset-size6 size3 mtight"><span class="mord mathnormal mtight">n</span></span></span></span><span class="vlist-s">​</span></span><span class="vlist-r"><span class="vlist" style="height: 0.2997em;"><span class=""></span></span></span></span></span></span><span class="mspace" style="margin-right: 0.1667em;"></span><span class="mord mathnormal">i</span><span class="mspace" style="margin-right: 0.2778em;"></span><span class="mrel">=</span><span class="mspace" style="margin-right: 0.2778em;"></span></span><span class="base"><span class="strut" style="height: 1.355em; vertical-align: -0.345em;"></span><span class="mord"><span class="mopen nulldelimiter"></span><span class="mfrac"><span class="vlist-t vlist-t2"><span class="vlist-r"><span class="vlist" style="height: 1.01em;"><span class="" style="top: -2.655em;"><span class="pstrut" style="height: 3em;"></span><span class="sizing reset-size6 size3 mtight"><span class="mord mtight"><span class="mord mtight">2</span></span></span></span><span class="" style="top: -3.23em;"><span class="pstrut" style="height: 3em;"></span><span class="frac-line" style="border-bottom-width: 0.04em;"></span></span><span class="" style="top: -3.485em;"><span class="pstrut" style="height: 3em;"></span><span class="sizing reset-size6 size3 mtight"><span class="mord mtight"><span class="mord mathnormal mtight">n</span><span class="mopen mtight">(</span><span class="mord mathnormal mtight">n</span><span class="mbin mtight">+</span><span class="mord mtight">1</span><span class="mclose mtight">)</span></span></span></span></span><span class="vlist-s">​</span></span><span class="vlist-r"><span class="vlist" style="height: 0.345em;"><span class=""></span></span></span></span></span><span class="mclose nulldelimiter"></span></span></span></span></span></p></div>"`;

exports[`LaTeX.js Core Features Snapshots > Special Characters and Symbols > accents and international > accents_and_international.html 1`] = `"<div class="body"><p>Café, naïve, Schön, résumé</p></div>"`;

exports[`LaTeX.js Core Features Snapshots > Special Characters and Symbols > special chars > special_chars.html 1`] = `"<div class="body"><p>Special: $ & % # { } _ \\</p></div>"`;

exports[`LaTeX.js Core Features Snapshots > Special Characters and Symbols > tex symbols > tex_symbols.html 1`] = `"<div class="body"><p><span class="latex">L<span class="a">a</span>T<span class="e">e</span>X</span>​ and <span class="tex">T<span class="e">e</span>X</span>​ symbols, also ©​ and ®</p></div>"`;

exports[`LaTeX.js Core Features Snapshots > Text Formatting > emphasis nesting > emphasis_nesting.html 1`] = `"<div class="body"><p>Normal <span class="it">emphasized <span class="up">double emphasized</span> text</span> here.</p></div>"`;

exports[`LaTeX.js Core Features Snapshots > Text Formatting > font commands > font_commands.html 1`] = `"<div class="body"><p><span class="bf">Bold text</span> and <span class="it">italic text</span> and <span class="tt">monospace</span>.</p></div>"`;

exports[`LaTeX.js Core Features Snapshots > Text Formatting > font sizes > font_sizes.html 1`] = `"<div class="body"><p><span class="tiny">tiny</span><span class="tiny">​ </span><span class="small">small</span><span class="small">​ </span><span class="normalsize">normal</span><span class="normalsize">​ </span><span class="large">large</span><span class="large">​ </span><span class="Large">Large</span><span class="Large">​ </span><span class="huge">huge</span></p></div>"`;
