// Vitest Snapshot v1, https://vitest.dev/guide/snapshot.html

exports[`LaTeX.js CLI Output Snapshots > Error output snapshots > macro error snapshot > macro-error-output.txt 1`] = `"SyntaxError: unknown macro: \\invalidcommand"`;

exports[`LaTeX.js CLI Output Snapshots > Error output snapshots > syntax error snapshot > syntax-error-output.txt 1`] = `"SyntaxError: groups need to be balanced!"`;

exports[`LaTeX.js CLI Output Snapshots > complex document compilation snapshot > complex-document-compilation.html 1`] = `"<html style="--size: 13.284px; --textwidth: 56.162%; --marginleftwidth: 21.919%; --marginrightwidth: 21.919%; --marginparwidth: 48.892%; --marginparsep: 14.612px; --marginparpush: 6.642px;"><head><title>untitled</title><meta charset="UTF-8"></meta><link type="text/css" rel="stylesheet" href="css/mathjax.css"><link type="text/css" rel="stylesheet" href="css/article.css"><script src="js/base.js"></script></head><body><div class="body"><h2 id="sec-1">1 In­tro­duc­tion</h2><p>This is a <span class="bf">com­pre­hen­sive</span> test doc­u­ment with <span class="it">var­i­ous</span> for­mat­ting.</p><h3 id="sec-2">1.1 Lists</h3><ul class="list"><li><span class="itemlabel"><span class="hbox llap">•</span></span><p>First item with <mjx-container class="MathJax" jax="SVG" overflow="overflow"><svg style="vertical-align: -0.566ex;" xmlns="http://www.w3.org/2000/svg" width="5.303ex" height="2.262ex" role="img" focusable="false" viewBox="0 -750 2344 1000"><g stroke="currentColor" fill="currentColor" stroke-width="0" transform="scale(1,-1)"><g data-mml-node="math" data-latex="math = x^2"><g data-mml-node="mi" data-latex="m"><path data-c="1D45A" d="M657 442C596 442 543 412 498 353C489 412 451 442 383 442C324 442 273 416 231 363C223 407 188 442 137 442C96 442 66 409 45 344C34 312 29 293 29 287C29 278 34 273 45 273C50 273 53 274 56 276C61 285 64 292 66 299C84 375 107 413 134 413C152 413 161 399 161 371C161 358 156 331 145 290L88 63C84 51 79 25 79 19C79-1 90-11 111-11C131-11 145-1 152 19C153 24 160 49 171 92L192 181L222 295C233 318 250 341 272 365C301 397 337 413 380 413C413 413 429 391 429 348C429 335 424 308 414 267L387 153C380 124 364 64 356 32C355 25 354 21 354 19C354-1 365-11 387-11C398-11 406-8 413-1C428 14 429 21 435 48L494 285C497 298 511 321 535 353C565 393 605 413 654 413C687 413 703 391 703 348C703 309 683 236 642 129C633 106 629 87 629 74C629 25 666-11 714-11C759-11 793 14 818 64C838 104 848 131 848 144C848 153 843 158 832 158C825 157 818 148 813 137C791 58 759 18 716 18C703 18 696 28 696 47C696 62 702 84 714 115C755 222 775 295 775 333C775 404 728 442 657 442Z"></path></g><g data-mml-node="mi" data-latex="a" transform="translate(878,0)"><path data-c="1D44E" d="M498 144C498 153 493 158 482 158C474 158 468 151 465 137C445 58 421 18 394 18C377 18 368 32 368 60C368 73 372 97 381 132L438 357C443 376 445 387 445 392C445 412 434 422 412 422C391 422 377 410 370 387C349 424 319 442 281 442C216 442 159 409 109 343C63 281 40 217 40 150C40 63 91-11 175-11C218-11 260 12 300 58C311 20 345-11 392-11C461-11 482 70 498 144M341 374C350 353 355 339 355 330C355 326 354 321 353 314L304 122C301 111 294 99 285 87C248 41 212 18 177 18C138 18 118 48 118 107C118 131 124 167 136 215C157 300 187 357 224 388C244 405 263 413 282 413C309 413 329 400 341 374Z"></path></g><g data-mml-node="mi" data-latex="t" transform="translate(1407,0)"><path data-c="1D461" d="M330 419C330 428 320 433 299 433L218 433C244 537 257 591 257 595C257 616 246 626 225 626C202 626 188 613 182 587L145 433L56 433C34 433 23 432 23 411C23 400 33 395 54 395L135 395C86 200 62 97 62 84C62 28 100-11 156-11C194-11 227 6 256 41C280 70 297 98 308 125C312 136 314 142 314 145C314 154 309 159 299 159C291 159 285 154 281 143C247 60 206 19 157 19C140 19 131 33 131 60C131 75 133 91 137 107L208 395L297 395C323 395 330 397 330 419Z"></path></g><g data-mml-node="mi" data-latex="h" transform="translate(1768,0)"><path data-c="210E" d="M512 138C489 59 457 19 415 19C402 19 395 28 395 47C395 62 401 85 413 116C453 223 473 296 473 335C473 406 427 445 356 445C303 445 257 423 218 380L291 679C289 688 287 694 274 694C241 694 168 685 155 684C140 682 132 675 132 660C132 650 141 645 159 645C180 645 203 646 205 632L59 43C56 32 55 25 55 21C55 0 66-11 87-11C107-11 121-1 128 18L168 182C180 231 189 268 196 293C199 300 207 314 220 334C256 388 300 415 353 415C386 415 402 393 402 350C402 309 382 236 342 130C333 107 329 89 329 74C329 26 365-11 413-11C457-11 492 14 517 65C536 105 546 132 546 145C546 154 541 159 530 159C527 159 512 150 512 138Z"></path></g></g></g></svg><mjx-break size="4"> </mjx-break><svg style="vertical-align: -0.566ex;" xmlns="http://www.w3.org/2000/svg" width="4.67ex" height="2.452ex" role="img" focusable="false" viewBox="0 -833.9 2064.3 1083.9"><g stroke="currentColor" fill="currentColor" stroke-width="0" transform="scale(1,-1)"><g data-mml-node="math" data-latex="math = x^2"><g data-mml-node="mo" data-latex="="><path data-c="3D" d="M698 367L80 367C64 367 56 359 56 344C56 329 64 321 80 321L698 321C714 321 722 329 722 344C722 356 711 367 698 367M698 179L80 179C64 179 56 171 56 156C56 141 64 133 80 133L698 133C714 133 722 141 722 156C722 169 711 179 698 179Z"></path></g><g data-mml-node="msup" data-latex="x^2" transform="translate(1055.8,0)"><g data-mml-node="mi" data-latex="x"><path data-c="1D465" d="M527 373C527 419 482 442 432 442C389 442 355 419 329 373C308 419 273 442 222 442C173 442 133 419 101 374C74 335 60 306 60 287C60 278 65 273 75 273C84 273 90 278 92 287C111 345 153 413 220 413C253 413 269 392 269 351C269 330 251 252 216 118C199 51 169 18 126 18C112 18 99 21 88 26C114 36 127 54 127 80C127 106 114 119 87 119C54 119 29 91 29 58C29 12 76-11 125-11C167-11 201 12 228 58C247 12 283-11 335-11C383-11 423 12 455 57C482 96 496 125 496 144C496 153 491 158 481 158C472 158 467 153 464 144C447 87 402 18 337 18C304 18 287 38 287 79C287 92 292 120 303 165L337 300C356 375 387 413 431 413C445 413 458 410 469 405C442 396 429 378 429 351C429 325 443 312 470 312C502 312 527 341 527 373Z"></path></g><g data-mml-node="mn" transform="translate(605,363) scale(0.707)" data-latex="2"><path data-c="32" d="M237 666C186 666 143 648 106 612C69 576 50 534 50 483C50 449 75 424 106 424C136 424 161 450 161 480C161 513 137 536 105 536C102 536 100 536 98 535C117 584 161 627 224 627C306 627 352 556 352 470C352 403 318 331 250 255L62 43C49 28 50 29 50 0L421 0L450 180L417 180C409 129 402 100 396 91C391 86 361 84 306 84L139 84L236 179C304 243 390 312 419 365C439 400 449 435 449 470C449 588 357 666 237 666Z"></path></g></g></g></g></svg></mjx-container></p></li><li><span class="itemlabel"><span class="hbox llap">•</span></span><p>Sec­ond item</p><ol class="list"><li><span class="itemlabel"><span class="hbox llap"><span id="item-3">1.</span></span></span><p>Nested num­bered item</p></li><li><span class="itemlabel"><span class="hbox llap"><span id="item-4">2.</span></span></span><p>An­other nested item</p></li></ol></li><li><span class="itemlabel"><span class="hbox llap">•</span></span><p>Fi­nal item</p></li></ul><h3 class="continue" id="sec-5">1.2 Math­e­mat­i­cal Con­tent</h3><p>The qua­dratic for­mula is: <mjx-container class="MathJax" jax="SVG" overflow="overflow" display="true"><svg style="vertical-align: -1.577ex;" xmlns="http://www.w3.org/2000/svg" width="20.765ex" height="5.292ex" role="img" focusable="false" viewBox="0 -1642 9178 2339"><g stroke="currentColor" fill="currentColor" stroke-width="0" transform="scale(1,-1)"><g data-mml-node="math" data-latex="x = \\frac{-b \\pm \\sqrt{b^2 - 4ac}}{2a}"><g data-mml-node="mi" data-latex="x"><path data-c="1D465" d="M527 373C527 419 482 442 432 442C389 442 355 419 329 373C308 419 273 442 222 442C173 442 133 419 101 374C74 335 60 306 60 287C60 278 65 273 75 273C84 273 90 278 92 287C111 345 153 413 220 413C253 413 269 392 269 351C269 330 251 252 216 118C199 51 169 18 126 18C112 18 99 21 88 26C114 36 127 54 127 80C127 106 114 119 87 119C54 119 29 91 29 58C29 12 76-11 125-11C167-11 201 12 228 58C247 12 283-11 335-11C383-11 423 12 455 57C482 96 496 125 496 144C496 153 491 158 481 158C472 158 467 153 464 144C447 87 402 18 337 18C304 18 287 38 287 79C287 92 292 120 303 165L337 300C356 375 387 413 431 413C445 413 458 410 469 405C442 396 429 378 429 351C429 325 443 312 470 312C502 312 527 341 527 373Z"></path></g><g data-mml-node="mo" data-latex="=" transform="translate(849.8,0)"><path data-c="3D" d="M698 367L80 367C64 367 56 359 56 344C56 329 64 321 80 321L698 321C714 321 722 329 722 344C722 356 711 367 698 367M698 179L80 179C64 179 56 171 56 156C56 141 64 133 80 133L698 133C714 133 722 141 722 156C722 169 711 179 698 179Z"></path></g><g data-mml-node="mfrac" data-latex="\\frac{-b \\pm \\sqrt{b^2 - 4ac}}{2a}" transform="translate(1905.6,0)"><g data-mml-node="mrow" data-latex="-b \\pm \\sqrt{b^2 - 4ac}" transform="translate(220,676)"><g data-mml-node="mo" data-latex="-"><path data-c="2212" d="M698 270L80 270C64 270 56 263 56 250C56 237 64 230 80 230L698 230C714 230 722 237 722 250C722 262 710 270 698 270Z"></path></g><g data-mml-node="mi" data-latex="b" transform="translate(778,0)"><path data-c="1D44F" d="M281 445C245 445 209 428 174 394L243 679C241 688 238 694 226 694C193 694 120 685 107 684C92 682 84 675 84 660C84 650 93 645 112 645C131 645 157 646 157 632C157 628 152 608 143 571L63 249C52 207 47 173 47 148C47 62 93-11 175-11C240-11 297 22 347 89C392 151 415 216 415 283C415 370 364 445 281 445M279 415C318 415 337 385 337 326C337 299 331 263 319 218C297 133 268 75 233 44C213 27 194 19 175 19C134 19 114 51 114 115C114 137 119 170 129 214L151 304C154 319 159 330 165 338C204 389 242 415 279 415Z"></path></g><g data-mml-node="mo" data-latex="\\pm" transform="translate(1429.2,0)"><path data-c="B1" d="M698-37L413-37L413 226L698 226C714 226 722 234 722 250C722 266 714 274 698 274L413 274L413 559C413 575 405 583 389 583C373 583 365 575 365 559L365 274L80 274C64 274 56 266 56 250C56 234 64 226 80 226L365 226L365-37L80-37C64-37 56-45 56-60C56-76 64-84 80-84L698-84C714-84 722-76 722-60C722-48 711-37 698-37Z"></path></g><g data-mml-node="msqrt" data-latex="\\sqrt{b^2 - 4ac}" transform="translate(2429.4,0)"><g data-mml-node="mo" transform="translate(0,866)"><path data-c="221A" d="M847-2C851 7 853 13 853 16C853 32 845 40 829 40C820 40 813 36 809 27C666-259 595-403 595-405L595-406C595-413 527-558 390-843L217-461C212-450 207-445 201-445C198-445 192-448 184-454L86-528C77-535 73-540 73-545C73-555 78-560 87-560C90-560 95-557 103-551L151-516L345-943C350-954 357-960 367-960C379-960 387-955 392-946Z"></path></g><g transform="translate(853,0)"><g data-mml-node="msup" data-latex="b^2"><g data-mml-node="mi" data-latex="b"><path data-c="1D44F" d="M281 445C245 445 209 428 174 394L243 679C241 688 238 694 226 694C193 694 120 685 107 684C92 682 84 675 84 660C84 650 93 645 112 645C131 645 157 646 157 632C157 628 152 608 143 571L63 249C52 207 47 173 47 148C47 62 93-11 175-11C240-11 297 22 347 89C392 151 415 216 415 283C415 370 364 445 281 445M279 415C318 415 337 385 337 326C337 299 331 263 319 218C297 133 268 75 233 44C213 27 194 19 175 19C134 19 114 51 114 115C114 137 119 170 129 214L151 304C154 319 159 330 165 338C204 389 242 415 279 415Z"></path></g><g data-mml-node="mn" transform="translate(462,289) scale(0.707)" data-latex="2"><path data-c="32" d="M237 666C186 666 143 648 106 612C69 576 50 534 50 483C50 449 75 424 106 424C136 424 161 450 161 480C161 513 137 536 105 536C102 536 100 536 98 535C117 584 161 627 224 627C306 627 352 556 352 470C352 403 318 331 250 255L62 43C49 28 50 29 50 0L421 0L450 180L417 180C409 129 402 100 396 91C391 86 361 84 306 84L139 84L236 179C304 243 390 312 419 365C439 400 449 435 449 470C449 588 357 666 237 666Z"></path></g></g><g data-mml-node="mo" data-latex="-" transform="translate(1087.8,0)"><path data-c="2212" d="M698 270L80 270C64 270 56 263 56 250C56 237 64 230 80 230L698 230C714 230 722 237 722 250C722 262 710 270 698 270Z"></path></g><g data-mml-node="mn" data-latex="4" transform="translate(2088,0)"><path data-c="34" d="M353 677C344 677 336 672 330 663L28 199L28 163L289 163L289 81C289 63 285 51 278 46C271 41 252 39 219 39L194 39L194 0C223 2 269 3 331 3C393 3 439 2 468 0L468 39L443 39C410 39 391 41 384 46C377 51 373 63 373 81L373 163L471 163L471 202L373 202L373 660C373 670 366 677 353 677M295 553L295 202L67 202Z"></path></g><g data-mml-node="mi" data-latex="a" transform="translate(2588,0)"><path data-c="1D44E" d="M498 144C498 153 493 158 482 158C474 158 468 151 465 137C445 58 421 18 394 18C377 18 368 32 368 60C368 73 372 97 381 132L438 357C443 376 445 387 445 392C445 412 434 422 412 422C391 422 377 410 370 387C349 424 319 442 281 442C216 442 159 409 109 343C63 281 40 217 40 150C40 63 91-11 175-11C218-11 260 12 300 58C311 20 345-11 392-11C461-11 482 70 498 144M341 374C350 353 355 339 355 330C355 326 354 321 353 314L304 122C301 111 294 99 285 87C248 41 212 18 177 18C138 18 118 48 118 107C118 131 124 167 136 215C157 300 187 357 224 388C244 405 263 413 282 413C309 413 329 400 341 374Z"></path></g><g data-mml-node="mi" data-latex="c" transform="translate(3117,0)"><path data-c="1D450" d="M328 325C328 300 341 287 368 287C404 287 427 318 427 354C427 410 368 442 308 442C239 442 176 412 122 353C68 294 41 229 41 159C41 61 106-11 204-11C257-11 304 2 345 27C379 48 404 69 420 90C427 99 430 106 430 109C430 120 425 126 414 126C409 126 404 122 398 114C365 70 324 42 277 30C246 22 223 18 206 18C149 18 121 53 121 122C121 184 150 274 174 317C198 361 249 413 308 413C346 413 372 402 386 381C355 378 328 358 328 325Z"></path></g></g><rect width="3550" height="60" x="853" y="846"></rect></g></g><g data-mml-node="mrow" data-latex="2a" transform="translate(3121.7,-686)"><g data-mml-node="mn" data-latex="2"><path data-c="32" d="M237 666C186 666 143 648 106 612C69 576 50 534 50 483C50 449 75 424 106 424C136 424 161 450 161 480C161 513 137 536 105 536C102 536 100 536 98 535C117 584 161 627 224 627C306 627 352 556 352 470C352 403 318 331 250 255L62 43C49 28 50 29 50 0L421 0L450 180L417 180C409 129 402 100 396 91C391 86 361 84 306 84L139 84L236 179C304 243 390 312 419 365C439 400 449 435 449 470C449 588 357 666 237 666Z"></path></g><g data-mml-node="mi" data-latex="a" transform="translate(500,0)"><path data-c="1D44E" d="M498 144C498 153 493 158 482 158C474 158 468 151 465 137C445 58 421 18 394 18C377 18 368 32 368 60C368 73 372 97 381 132L438 357C443 376 445 387 445 392C445 412 434 422 412 422C391 422 377 410 370 387C349 424 319 442 281 442C216 442 159 409 109 343C63 281 40 217 40 150C40 63 91-11 175-11C218-11 260 12 300 58C311 20 345-11 392-11C461-11 482 70 498 144M341 374C350 353 355 339 355 330C355 326 354 321 353 314L304 122C301 111 294 99 285 87C248 41 212 18 177 18C138 18 118 48 118 107C118 131 124 167 136 215C157 300 187 357 224 388C244 405 263 413 282 413C309 413 329 400 341 374Z"></path></g></g><rect width="7032.4" height="60" x="120" y="220"></rect></g></g></g></svg></mjx-container></p><h2 id="sec-6">2 Con­clu­sion</h2><p>This demon­strates <span class="latex">L<span class="a">a</span>T<span class="e">e</span>X</span>​ com­pi­la­tion to HTML.</p></div></body></html>"`;

exports[`LaTeX.js CLI Output Snapshots > help output snapshot > cli-help-output.txt 1`] = `
"JavaScript LaTeX to HTML5 translator (latex.js v0.12.6)

USAGE:
  latex.js <OPTIONS>

OPTIONS:
  -o, --output <output>                  specify output file, otherwise STDOUT will be used
  -a, --assets <assets>                  copy CSS and fonts to the directory of the output file, unless dir is given (default: no assets are copied)
  -u, --url <url>                        set the base URL to use for the assets (default: use relative URLs)
  -b, --body                             don't include HTML boilerplate and CSS, only output the contents of body
  -e, --entities                         encode HTML entities in the output instead of using UTF-8 characters
  -p, --pretty                           beautify the html (this may add/remove spaces unintentionally)
  -c, --class [class]                    set a default documentclass for documents without a preamble (default: article)
  -m, --macros <macros>                  load a JavaScript file with additional custom macros
  -s, --stylesheet <stylesheet>          specify additional style sheets to use (comma-separated for multiple)
  -n, --hyphenation                      insert soft hyphens (enables automatic hyphenation in the browser) (default: true)
  -l, --language [language]              set hyphenation language (default: en)
  -h, --help                             Display this help message
  -v, --version                          Display this version

"
`;

exports[`LaTeX.js CLI Output Snapshots > math LaTeX compilation snapshot > math-latex-compilation.html 1`] = `"<html style="--size: 13.284px; --textwidth: 56.162%; --marginleftwidth: 21.919%; --marginrightwidth: 21.919%; --marginparwidth: 48.892%; --marginparsep: 14.612px; --marginparpush: 6.642px;"><head><title>untitled</title><meta charset="UTF-8"></meta><link type="text/css" rel="stylesheet" href="css/mathjax.css"><link type="text/css" rel="stylesheet" href="css/article.css"><script src="js/base.js"></script></head><body><div class="body"><h2 id="sec-1">1 Math Ex­am­ples</h2><p>In­line math: <mjx-container class="MathJax" jax="SVG" overflow="overflow"><svg style="vertical-align: -0.566ex;" xmlns="http://www.w3.org/2000/svg" width="1.733ex" height="2.262ex" role="img" focusable="false" viewBox="0 -750 766 1000"><g stroke="currentColor" fill="currentColor" stroke-width="0" transform="scale(1,-1)"><g data-mml-node="math" data-latex="E = mc^2"><g data-mml-node="mi" data-latex="E"><path data-c="1D438" d="M199 656C199 646 210 641 231 641C271 641 291 637 291 628C291 625 289 618 286 605L156 82C151 60 141 47 126 42C119 40 101 39 70 39C48 39 38 37 38 16C38 5 49 0 70 0L583 0C607 0 609 2 617 19L657 109C684 171 703 217 714 248C712 257 709 263 698 263C691 263 685 258 681 249C656 190 632 145 608 113C568 59 509 39 415 39L270 39C260 39 253 39 249 40C243 40 240 42 240 45C240 47 242 54 245 67L311 334L406 334C453 334 478 328 483 315C485 310 486 303 486 293C486 280 484 264 479 245C477 240 476 236 476 233C476 223 482 218 493 218C502 218 508 226 512 241L568 473C568 483 563 488 552 488C544 488 538 481 535 467C525 428 512 403 495 391C478 379 450 373 409 373L321 373L379 606C387 640 387 641 429 641L568 641C619 641 654 636 673 626C701 611 715 581 715 536C715 519 714 501 711 484C711 482 711 479 710 475L710 466C710 455 715 450 725 450C735 450 741 459 743 478L763 649C766 677 759 680 732 680L233 680C210 680 199 679 199 656Z"></path></g></g></g></svg><mjx-break size="4"> </mjx-break><svg style="vertical-align: -0.566ex;" xmlns="http://www.w3.org/2000/svg" width="6.342ex" height="2.452ex" role="img" focusable="false" viewBox="0 -833.9 2803.3 1083.9"><g stroke="currentColor" fill="currentColor" stroke-width="0" transform="scale(1,-1)"><g data-mml-node="math" data-latex="E = mc^2"><g data-mml-node="mo" data-latex="="><path data-c="3D" d="M698 367L80 367C64 367 56 359 56 344C56 329 64 321 80 321L698 321C714 321 722 329 722 344C722 356 711 367 698 367M698 179L80 179C64 179 56 171 56 156C56 141 64 133 80 133L698 133C714 133 722 141 722 156C722 169 711 179 698 179Z"></path></g><g data-mml-node="mi" data-latex="m" transform="translate(1055.8,0)"><path data-c="1D45A" d="M657 442C596 442 543 412 498 353C489 412 451 442 383 442C324 442 273 416 231 363C223 407 188 442 137 442C96 442 66 409 45 344C34 312 29 293 29 287C29 278 34 273 45 273C50 273 53 274 56 276C61 285 64 292 66 299C84 375 107 413 134 413C152 413 161 399 161 371C161 358 156 331 145 290L88 63C84 51 79 25 79 19C79-1 90-11 111-11C131-11 145-1 152 19C153 24 160 49 171 92L192 181L222 295C233 318 250 341 272 365C301 397 337 413 380 413C413 413 429 391 429 348C429 335 424 308 414 267L387 153C380 124 364 64 356 32C355 25 354 21 354 19C354-1 365-11 387-11C398-11 406-8 413-1C428 14 429 21 435 48L494 285C497 298 511 321 535 353C565 393 605 413 654 413C687 413 703 391 703 348C703 309 683 236 642 129C633 106 629 87 629 74C629 25 666-11 714-11C759-11 793 14 818 64C838 104 848 131 848 144C848 153 843 158 832 158C825 157 818 148 813 137C791 58 759 18 716 18C703 18 696 28 696 47C696 62 702 84 714 115C755 222 775 295 775 333C775 404 728 442 657 442Z"></path></g><g data-mml-node="msup" data-latex="c^2" transform="translate(1933.8,0)"><g data-mml-node="mi" data-latex="c"><path data-c="1D450" d="M328 325C328 300 341 287 368 287C404 287 427 318 427 354C427 410 368 442 308 442C239 442 176 412 122 353C68 294 41 229 41 159C41 61 106-11 204-11C257-11 304 2 345 27C379 48 404 69 420 90C427 99 430 106 430 109C430 120 425 126 414 126C409 126 404 122 398 114C365 70 324 42 277 30C246 22 223 18 206 18C149 18 121 53 121 122C121 184 150 274 174 317C198 361 249 413 308 413C346 413 372 402 386 381C355 378 328 358 328 325Z"></path></g><g data-mml-node="mn" transform="translate(466,363) scale(0.707)" data-latex="2"><path data-c="32" d="M237 666C186 666 143 648 106 612C69 576 50 534 50 483C50 449 75 424 106 424C136 424 161 450 161 480C161 513 137 536 105 536C102 536 100 536 98 535C117 584 161 627 224 627C306 627 352 556 352 470C352 403 318 331 250 255L62 43C49 28 50 29 50 0L421 0L450 180L417 180C409 129 402 100 396 91C391 86 361 84 306 84L139 84L236 179C304 243 390 312 419 365C439 400 449 435 449 470C449 588 357 666 237 666Z"></path></g></g></g></g></svg></mjx-container></p><p>Dis­play math: <mjx-container class="MathJax" jax="SVG" overflow="overflow" display="true"><svg style="vertical-align: -2.161ex;" xmlns="http://www.w3.org/2000/svg" width="17.73ex" height="5.33ex" role="img" focusable="false" viewBox="0 -1400.6 7836.7 2355.6"><g stroke="currentColor" fill="currentColor" stroke-width="0" transform="scale(1,-1)"><g data-mml-node="math" data-latex="\\int_{-\\infty}^{\\infty} e^{-x^2} dx = \\sqrt{\\pi}"><g data-mml-node="msubsup" data-latex="\\int_{-\\infty}^{\\infty}"><g data-mml-node="mo" data-latex="\\int"><path data-c="222B" d="M831 1361C784 1361 742 1318 703 1232C684 1191 664 1129 642 1046C545 688 472 339 395-117C360-328 331-481 308-574C267-745 220-831 168-831C149-831 132-826 117-815C146-810 160-793 160-763C160-734 138-711 109-711C74-711 56-729 56-764C56-822 113-861 170-861C243-861 303-803 350-688C375-627 409-509 451-336C524-39 589 279 646 617C686 854 722 1034 753 1157C782 1273 809 1331 833 1331C853 1331 870 1326 883 1315C854 1310 839 1293 839 1263C839 1234 861 1211 890 1211C925 1211 943 1229 943 1264C943 1319 889 1361 831 1361Z"></path></g><g data-mml-node="TeXAtom" transform="translate(1098.5,1088.1) scale(0.707)" data-latex="{\\infty}" data-mjx-texclass="ORD"><g data-mml-node="mi" data-latex="\\infty"><path data-c="221E" d="M749-11C807-11 855 13 892 60C926 104 943 156 943 216C943 275 926 327 893 371C856 418 809 442 752 442C684 442 625 416 576 364C547 332 524 303 507 278C464 329 435 361 421 373C367 419 310 442 250 442C192 442 144 418 107 371C73 327 56 275 56 215C56 156 73 104 106 60C143 13 190-11 247-11C315-11 374 15 423 67C452 99 475 128 492 153C535 102 564 70 578 58C632 12 689-11 749-11M913 216C913 188 911 168 908 156C903 137 890 117 869 94C840 61 805 44 765 44C722 44 680 67 637 113C592 168 559 209 538 237C601 348 675 403 759 403C852 403 913 314 913 216M86 215C86 260 100 299 128 334C156 369 191 387 234 387C277 387 319 364 362 318C407 263 440 222 461 194C398 83 324 28 240 28C147 28 86 117 86 215Z"></path></g></g><g data-mml-node="TeXAtom" transform="translate(702,-896.4) scale(0.707)" data-latex="{-\\infty}" data-mjx-texclass="ORD"><g data-mml-node="mo" data-latex="-"><path data-c="2212" d="M698 270L80 270C64 270 56 263 56 250C56 237 64 230 80 230L698 230C714 230 722 237 722 250C722 262 710 270 698 270Z"></path></g><g data-mml-node="mi" data-latex="\\infty" transform="translate(778,0)"><path data-c="221E" d="M749-11C807-11 855 13 892 60C926 104 943 156 943 216C943 275 926 327 893 371C856 418 809 442 752 442C684 442 625 416 576 364C547 332 524 303 507 278C464 329 435 361 421 373C367 419 310 442 250 442C192 442 144 418 107 371C73 327 56 275 56 215C56 156 73 104 106 60C143 13 190-11 247-11C315-11 374 15 423 67C452 99 475 128 492 153C535 102 564 70 578 58C632 12 689-11 749-11M913 216C913 188 911 168 908 156C903 137 890 117 869 94C840 61 805 44 765 44C722 44 680 67 637 113C592 168 559 209 538 237C601 348 675 403 759 403C852 403 913 314 913 216M86 215C86 260 100 299 128 334C156 369 191 387 234 387C277 387 319 364 362 318C407 263 440 222 461 194C398 83 324 28 240 28C147 28 86 117 86 215Z"></path></g></g></g><g data-mml-node="msup" data-latex="e^{-x^2}" transform="translate(2175.9,0)"><g data-mml-node="mi" data-latex="e"><path data-c="1D452" d="M124 129C124 153 129 186 139 227L188 227C253 227 303 235 339 250C372 264 394 284 405 309C412 326 415 342 415 355C415 410 363 442 307 442C268 442 229 432 190 412C113 372 46 281 46 171C46 69 105-11 204-11C257-11 304 2 345 27C379 48 404 69 420 90C427 99 430 106 430 109C430 120 425 126 414 126C409 126 404 122 398 114C365 70 324 42 277 30C246 22 223 18 206 18C149 18 124 72 124 129M375 355C375 289 311 256 182 256L147 256C166 322 194 366 232 387C262 404 287 413 307 413C343 413 375 391 375 355Z"></path></g><g data-mml-node="TeXAtom" transform="translate(499,413) scale(0.707)" data-latex="{-x^2}" data-mjx-texclass="ORD"><g data-mml-node="mo" data-latex="-"><path data-c="2212" d="M698 270L80 270C64 270 56 263 56 250C56 237 64 230 80 230L698 230C714 230 722 237 722 250C722 262 710 270 698 270Z"></path></g><g data-mml-node="msup" data-latex="x^2" transform="translate(778,0)"><g data-mml-node="mi" data-latex="x"><path data-c="1D465" d="M527 373C527 419 482 442 432 442C389 442 355 419 329 373C308 419 273 442 222 442C173 442 133 419 101 374C74 335 60 306 60 287C60 278 65 273 75 273C84 273 90 278 92 287C111 345 153 413 220 413C253 413 269 392 269 351C269 330 251 252 216 118C199 51 169 18 126 18C112 18 99 21 88 26C114 36 127 54 127 80C127 106 114 119 87 119C54 119 29 91 29 58C29 12 76-11 125-11C167-11 201 12 228 58C247 12 283-11 335-11C383-11 423 12 455 57C482 96 496 125 496 144C496 153 491 158 481 158C472 158 467 153 464 144C447 87 402 18 337 18C304 18 287 38 287 79C287 92 292 120 303 165L337 300C356 375 387 413 431 413C445 413 458 410 469 405C442 396 429 378 429 351C429 325 443 312 470 312C502 312 527 341 527 373Z"></path></g><g data-mml-node="mn" transform="translate(605,363) scale(0.707)" data-latex="2"><path data-c="32" d="M237 666C186 666 143 648 106 612C69 576 50 534 50 483C50 449 75 424 106 424C136 424 161 450 161 480C161 513 137 536 105 536C102 536 100 536 98 535C117 584 161 627 224 627C306 627 352 556 352 470C352 403 318 331 250 255L62 43C49 28 50 29 50 0L421 0L450 180L417 180C409 129 402 100 396 91C391 86 361 84 306 84L139 84L236 179C304 243 390 312 419 365C439 400 449 435 449 470C449 588 357 666 237 666Z"></path></g></g></g></g><g data-mml-node="mi" data-latex="d" transform="translate(3988.2,0)"><path data-c="1D451" d="M429 632L370 389C349 426 320 445 281 445C216 445 159 412 109 345C63 283 40 218 40 151C40 63 91-11 175-11C218-11 260 12 300 59C311 21 345-11 392-11C461-11 483 71 498 145C498 154 493 159 483 159C474 159 468 152 465 138C445 59 421 19 394 19C377 19 368 33 368 60C368 75 370 91 374 107L516 679L516 683C513 690 507 694 499 694C476 694 434 690 374 683C363 682 357 674 357 660C357 650 366 645 384 645C403 645 429 646 429 632M341 376C351 355 356 341 356 332C355 328 354 323 353 316L304 122C301 111 294 99 285 87C248 42 212 19 177 19C138 19 118 49 118 108C118 132 124 168 136 216C157 301 187 359 224 390C244 407 263 415 282 415C309 415 329 402 341 376Z"></path></g><g data-mml-node="mi" data-latex="x" transform="translate(4508.2,0)"><path data-c="1D465" d="M527 373C527 419 482 442 432 442C389 442 355 419 329 373C308 419 273 442 222 442C173 442 133 419 101 374C74 335 60 306 60 287C60 278 65 273 75 273C84 273 90 278 92 287C111 345 153 413 220 413C253 413 269 392 269 351C269 330 251 252 216 118C199 51 169 18 126 18C112 18 99 21 88 26C114 36 127 54 127 80C127 106 114 119 87 119C54 119 29 91 29 58C29 12 76-11 125-11C167-11 201 12 228 58C247 12 283-11 335-11C383-11 423 12 455 57C482 96 496 125 496 144C496 153 491 158 481 158C472 158 467 153 464 144C447 87 402 18 337 18C304 18 287 38 287 79C287 92 292 120 303 165L337 300C356 375 387 413 431 413C445 413 458 410 469 405C442 396 429 378 429 351C429 325 443 312 470 312C502 312 527 341 527 373Z"></path></g><g data-mml-node="mo" data-latex="=" transform="translate(5358,0)"><path data-c="3D" d="M698 367L80 367C64 367 56 359 56 344C56 329 64 321 80 321L698 321C714 321 722 329 722 344C722 356 711 367 698 367M698 179L80 179C64 179 56 171 56 156C56 141 64 133 80 133L698 133C714 133 722 141 722 156C722 169 711 179 698 179Z"></path></g><g data-mml-node="msqrt" data-latex="\\sqrt{\\pi}" transform="translate(6413.7,0)"><g data-mml-node="mo" transform="translate(0,785.3)"><path data-c="221A" d="M847-2C851 7 853 13 853 16C853 32 845 40 829 40C820 40 813 36 809 27C666-259 595-403 595-405L595-406C595-413 527-558 390-843L217-461C212-450 207-445 201-445C198-445 192-448 184-454L86-528C77-535 73-540 73-545C73-555 78-560 87-560C90-560 95-557 103-551L151-516L345-943C350-954 357-960 367-960C379-960 387-955 392-946Z"></path></g><g transform="translate(853,0)"><g data-mml-node="mi" data-latex="\\pi"><path data-c="1D70B" d="M524 431L194 431C153 431 117 415 88 384C74 369 27 305 27 292C31 285 31 279 43 279C50 279 56 283 62 292C94 341 135 366 184 366L235 366C212 279 170 172 110 45C105 33 102 24 102 19C102-1 113-11 134-11C153-11 167 0 176 21C194 78 207 122 214 152L269 366L372 366C345 247 331 164 331 117C331 68 342-11 379-11C400-11 423 9 423 30C423 35 421 43 417 53C398 100 389 153 389 214C389 261 395 312 406 366L515 366C550 366 567 378 567 403C567 426 549 431 524 431Z"></path></g></g><rect width="570" height="60" x="853" y="765.3"></rect></g></g></g></svg></mjx-container></p><p>More math: <mjx-container class="MathJax" jax="SVG" overflow="overflow"><svg style="vertical-align: -0.663ex;" xmlns="http://www.w3.org/2000/svg" width="7.316ex" height="2.808ex" role="img" focusable="false" viewBox="0 -948 3233.6 1241.1"><g stroke="currentColor" fill="currentColor" stroke-width="0" transform="scale(1,-1)"><g data-mml-node="math" data-latex="\\sum_{n=1}^{10} n = 55"><g data-mml-node="munderover" data-latex="\\sum_{n=1}^{0}"><g data-mml-node="mo" data-latex="\\sum"><path data-c="2211" d="M56 713L417 216L67-217C60-225 57-231 57-235C57-245 67-250 88-250L913-250L1001 5L967 5C954-33 933-66 902-95C825-166 719-188 565-188L152-188L490 232C497 240 500 246 500 250C500 254 498 259 493 266L175 702L560 702C682 702 764 691 854 644C907 616 944 571 967 510L1001 510L913 750L88 750C57 750 56 746 56 713Z"></path></g><g data-mml-node="TeXAtom" transform="translate(1089,477.1) scale(0.707)" data-latex="{0}" data-mjx-texclass="ORD"><g data-mml-node="mn" data-latex="0"><path data-c="31" d="M269 666C228 624 168 603 89 603L89 564C141 564 184 572 217 588L217 82C217 64 213 52 204 47C195 42 170 39 130 39L95 39L95 0C120 2 174 3 257 3C340 3 394 2 419 0L419 39L384 39C343 39 318 42 310 47C302 52 297 64 297 82L297 636C297 660 295 666 269 666Z"></path><path data-c="30" d="M249-22C390-22 460 92 460 320C460 473 428 575 365 625C330 652 291 666 250 666C109 666 39 551 39 320C39 136 88-22 249-22M361 524C368 489 371 425 371 332C371 240 367 172 360 128C347 48 310 8 249 8C226 8 203 17 182 34C155 57 139 104 132 176C129 201 128 253 128 332C128 419 131 480 136 513C145 568 163 603 191 618C213 630 232 636 249 636C314 636 350 583 361 524Z" transform="translate(500,0)"></path></g></g><g data-mml-node="TeXAtom" transform="translate(1089,-285.4) scale(0.707)" data-latex="{n=1}" data-mjx-texclass="ORD"><g data-mml-node="mi" data-latex="n"><path data-c="1D45B" d="M537 137C514 58 481 18 440 18C427 18 420 28 420 47C420 61 426 84 438 115C478 224 498 296 498 333C498 403 451 442 381 442C322 442 271 416 230 363C222 407 187 442 136 442C80 442 58 390 44 345C34 313 29 294 29 287C29 278 34 273 45 273C50 273 53 274 56 276C61 285 64 292 65 299C83 375 106 413 133 413C151 413 160 399 160 371C160 358 155 331 144 290L87 63C84 50 78 24 78 19C78-1 89-11 111-11C130-11 144-1 151 19C153 24 159 49 170 92L191 181L221 295C232 318 249 341 270 365C299 397 335 413 378 413C411 413 427 391 427 348C427 310 406 234 363 120C356 102 353 87 353 74C353 25 390-11 438-11C482-11 517 14 542 64C561 104 571 131 571 144C571 153 566 158 555 158C552 158 537 149 537 137Z"></path></g><g data-mml-node="mo" data-latex="=" transform="translate(600,0)"><path data-c="3D" d="M698 367L80 367C64 367 56 359 56 344C56 329 64 321 80 321L698 321C714 321 722 329 722 344C722 356 711 367 698 367M698 179L80 179C64 179 56 171 56 156C56 141 64 133 80 133L698 133C714 133 722 141 722 156C722 169 711 179 698 179Z"></path></g><g data-mml-node="mn" data-latex="1" transform="translate(1378,0)"><path data-c="31" d="M269 666C228 624 168 603 89 603L89 564C141 564 184 572 217 588L217 82C217 64 213 52 204 47C195 42 170 39 130 39L95 39L95 0C120 2 174 3 257 3C340 3 394 2 419 0L419 39L384 39C343 39 318 42 310 47C302 52 297 64 297 82L297 636C297 660 295 666 269 666Z"></path></g></g></g><g data-mml-node="mi" data-latex="n" transform="translate(2633.6,0)"><path data-c="1D45B" d="M537 137C514 58 481 18 440 18C427 18 420 28 420 47C420 61 426 84 438 115C478 224 498 296 498 333C498 403 451 442 381 442C322 442 271 416 230 363C222 407 187 442 136 442C80 442 58 390 44 345C34 313 29 294 29 287C29 278 34 273 45 273C50 273 53 274 56 276C61 285 64 292 65 299C83 375 106 413 133 413C151 413 160 399 160 371C160 358 155 331 144 290L87 63C84 50 78 24 78 19C78-1 89-11 111-11C130-11 144-1 151 19C153 24 159 49 170 92L191 181L221 295C232 318 249 341 270 365C299 397 335 413 378 413C411 413 427 391 427 348C427 310 406 234 363 120C356 102 353 87 353 74C353 25 390-11 438-11C482-11 517 14 542 64C561 104 571 131 571 144C571 153 566 158 555 158C552 158 537 149 537 137Z"></path></g></g></g></svg><mjx-break size="4"> </mjx-break><svg style="vertical-align: -0.566ex;" xmlns="http://www.w3.org/2000/svg" width="4.651ex" height="2.262ex" role="img" focusable="false" viewBox="0 -750 2055.8 1000"><g stroke="currentColor" fill="currentColor" stroke-width="0" transform="scale(1,-1)"><g data-mml-node="math" data-latex="\\sum_{n=1}^{10} n = 55"><g data-mml-node="mo" data-latex="="><path data-c="3D" d="M698 367L80 367C64 367 56 359 56 344C56 329 64 321 80 321L698 321C714 321 722 329 722 344C722 356 711 367 698 367M698 179L80 179C64 179 56 171 56 156C56 141 64 133 80 133L698 133C714 133 722 141 722 156C722 169 711 179 698 179Z"></path></g><g data-mml-node="mn" data-latex="5" transform="translate(1055.8,0)"><path data-c="35" d="M118 315C123 315 129 319 134 326C164 371 205 393 257 393C292 393 319 373 337 332C348 305 354 264 354 209C354 146 346 102 331 76C306 35 272 14 229 14C162 14 109 62 91 114C94 113 96 114 100 114C130 114 155 137 155 167C155 198 130 219 100 219C65 219 50 200 50 163C50 63 131-22 231-22C292-22 344 0 386 44C428 88 449 141 449 202C449 260 432 310 398 353C361 400 315 423 259 423C212 423 171 408 138 378L138 556C165 548 191 544 218 544C264 544 304 555 338 578C369 597 390 616 402 634C408 642 411 648 411 651C411 661 406 666 396 666C341 645 294 634 256 634C211 634 168 643 127 662C122 664 118 665 114 665C105 665 100 656 100 637L100 345C100 324 100 315 118 315Z"></path><path data-c="35" d="M118 315C123 315 129 319 134 326C164 371 205 393 257 393C292 393 319 373 337 332C348 305 354 264 354 209C354 146 346 102 331 76C306 35 272 14 229 14C162 14 109 62 91 114C94 113 96 114 100 114C130 114 155 137 155 167C155 198 130 219 100 219C65 219 50 200 50 163C50 63 131-22 231-22C292-22 344 0 386 44C428 88 449 141 449 202C449 260 432 310 398 353C361 400 315 423 259 423C212 423 171 408 138 378L138 556C165 548 191 544 218 544C264 544 304 555 338 578C369 597 390 616 402 634C408 642 411 648 411 651C411 661 406 666 396 666C341 645 294 634 256 634C211 634 168 643 127 662C122 664 118 665 114 665C105 665 100 656 100 637L100 345C100 324 100 315 118 315Z" transform="translate(500,0)"></path></g></g></g></svg></mjx-container> and <mjx-container class="MathJax" jax="SVG" overflow="overflow"><svg style="vertical-align: -0.798ex;" xmlns="http://www.w3.org/2000/svg" width="1.842ex" height="2.495ex" role="img" focusable="false" viewBox="0 -750 814.1 1102.8"><g stroke="currentColor" fill="currentColor" stroke-width="0" transform="scale(1,-1)"><g data-mml-node="math" data-latex="\\frac{a}{b} = c"><g data-mml-node="mfrac" data-latex="\\frac{a}{b}"><g data-mml-node="mi" transform="translate(220,394) scale(0.707)" data-latex="a"><path data-c="1D44E" d="M498 144C498 153 493 158 482 158C474 158 468 151 465 137C445 58 421 18 394 18C377 18 368 32 368 60C368 73 372 97 381 132L438 357C443 376 445 387 445 392C445 412 434 422 412 422C391 422 377 410 370 387C349 424 319 442 281 442C216 442 159 409 109 343C63 281 40 217 40 150C40 63 91-11 175-11C218-11 260 12 300 58C311 20 345-11 392-11C461-11 482 70 498 144M341 374C350 353 355 339 355 330C355 326 354 321 353 314L304 122C301 111 294 99 285 87C248 41 212 18 177 18C138 18 118 48 118 107C118 131 124 167 136 215C157 300 187 357 224 388C244 405 263 413 282 413C309 413 329 400 341 374Z"></path></g><g data-mml-node="mi" transform="translate(255.4,-345) scale(0.707)" data-latex="b"><path data-c="1D44F" d="M281 445C245 445 209 428 174 394L243 679C241 688 238 694 226 694C193 694 120 685 107 684C92 682 84 675 84 660C84 650 93 645 112 645C131 645 157 646 157 632C157 628 152 608 143 571L63 249C52 207 47 173 47 148C47 62 93-11 175-11C240-11 297 22 347 89C392 151 415 216 415 283C415 370 364 445 281 445M279 415C318 415 337 385 337 326C337 299 331 263 319 218C297 133 268 75 233 44C213 27 194 19 175 19C134 19 114 51 114 115C114 137 119 170 129 214L151 304C154 319 159 330 165 338C204 389 242 415 279 415Z"></path></g><rect width="574.1" height="60" x="120" y="220"></rect></g></g></g></svg><mjx-break size="4"> </mjx-break><svg style="vertical-align: -0.566ex;" xmlns="http://www.w3.org/2000/svg" width="3.368ex" height="2.262ex" role="img" focusable="false" viewBox="0 -750 1488.8 1000"><g stroke="currentColor" fill="currentColor" stroke-width="0" transform="scale(1,-1)"><g data-mml-node="math" data-latex="\\frac{a}{b} = c"><g data-mml-node="mo" data-latex="="><path data-c="3D" d="M698 367L80 367C64 367 56 359 56 344C56 329 64 321 80 321L698 321C714 321 722 329 722 344C722 356 711 367 698 367M698 179L80 179C64 179 56 171 56 156C56 141 64 133 80 133L698 133C714 133 722 141 722 156C722 169 711 179 698 179Z"></path></g><g data-mml-node="mi" data-latex="c" transform="translate(1055.8,0)"><path data-c="1D450" d="M328 325C328 300 341 287 368 287C404 287 427 318 427 354C427 410 368 442 308 442C239 442 176 412 122 353C68 294 41 229 41 159C41 61 106-11 204-11C257-11 304 2 345 27C379 48 404 69 420 90C427 99 430 106 430 109C430 120 425 126 414 126C409 126 404 122 398 114C365 70 324 42 277 30C246 22 223 18 206 18C149 18 121 53 121 122C121 184 150 274 174 317C198 361 249 413 308 413C346 413 372 402 386 381C355 378 328 358 328 325Z"></path></g></g></g></svg></mjx-container>.</p></div></body></html>"`;

exports[`LaTeX.js CLI Output Snapshots > simple LaTeX compilation snapshot > simple-latex-compilation.html 1`] = `"<html style="--size: 13.284px; --textwidth: 56.162%; --marginleftwidth: 21.919%; --marginrightwidth: 21.919%; --marginparwidth: 48.892%; --marginparsep: 14.612px; --marginparpush: 6.642px;"><head><title>untitled</title><meta charset="UTF-8"></meta><link type="text/css" rel="stylesheet" href="css/mathjax.css"><link type="text/css" rel="stylesheet" href="css/article.css"><script src="js/base.js"></script></head><body><div class="body"><p>Hello <span class="latex">L<span class="a">a</span>T<span class="e">e</span>X</span>​ world!</p></div></body></html>"`;

exports[`LaTeX.js CLI Output Snapshots > version output snapshot > cli-version-output.txt 1`] = `
"0.12.6
"
`;
